node.exe : npm warn Unknown cli config "--watch". This will stop working in the next major version of npm.
No C:\Program Files\nodejs\npm.ps1:16 caractere:5
+     & "$basedir/node$exe"  "$basedir/node_modules/npm/bin/npm-cli.js" ...
+     ~~~~~~~~~~~~~~~~~~~~~~~~~~~~~~~~~~~~~~~~~~~~~~~~~~~~~~~~~~~~~~~~~
    + CategoryInfo          : NotSpecified: (npm warn Unknow...version of npm.:String) [], RemoteException
    + FullyQualifiedErrorId : NativeCommandError
 
npm warn Unknown cli config "--code-coverage". This will stop working in the next major version of npm.
npm warn Unknown cli config "--browsers". This will stop working in the next major version of npm.

> frontend@0.0.0 test
> ng test

- Generating browser application bundles (phase: setup)...
ÔêÜ Browser application bundle generation complete.
[33m10 05 2026 21:40:23.012:WARN [karma]: [39mNo captured browser, open http://localhost:9878/
[32m10 05 2026 21:40:23.039:INFO [karma-server]: [39mKarma v6.4.4 server started at http://localhost:9878/
[32m10 05 2026 21:40:23.039:INFO [launcher]: [39mLaunching browsers Chrome with concurrency unlimited
[32m10 05 2026 21:40:23.048:INFO [launcher]: [39mStarting browser Chrome
[32m10 05 2026 21:40:24.391:INFO [Chrome 147.0.0.0 (Windows 10)]: [39mConnected on socket kMhdCf9-veJumAqpAAAB with id 2007828
Chrome 147.0.0.0 (Windows 10): Executed 0 of 196[32m SUCCESS[39m (0 secs / 0 secs)
[1A[2KChrome 147.0.0.0 (Windows 10): Executed 1 of 196[32m SUCCESS[39m (0 secs / 0.022 secs)
[1A[2KChrome 147.0.0.0 (Windows 10): Executed 2 of 196[32m SUCCESS[39m (0 secs / 0.026 secs)
[1A[2KChrome 147.0.0.0 (Windows 10): Executed 3 of 196[32m SUCCESS[39m (0 secs / 0.03 secs)
[1A[2KChrome 147.0.0.0 (Windows 10): Executed 4 of 196[32m SUCCESS[39m (0 secs / 0.054 secs)
[1A[2KChrome 147.0.0.0 (Windows 10): Executed 5 of 196[32m SUCCESS[39m (0 secs / 0.056 secs)
[1A[2KChrome 147.0.0.0 (Windows 10): Executed 6 of 196[32m SUCCESS[39m (0 secs / 0.058 secs)
[1A[2KChrome 147.0.0.0 (Windows 10): Executed 7 of 196[32m SUCCESS[39m (0 secs / 0.059 secs)
[1A[2KChrome 147.0.0.0 (Windows 10): Executed 8 of 196[32m SUCCESS[39m (0 secs / 0.063 secs)
[1A[2KChrome 147.0.0.0 (Windows 10): Executed 9 of 196[32m SUCCESS[39m (0 secs / 0.076 secs)
[1A[2KChrome 147.0.0.0 (Windows 10): Executed 10 of 196[32m SUCCESS[39m (0 secs / 0.077 secs)
[1A[2KChrome 147.0.0.0 (Windows 10): Executed 11 of 196[32m SUCCESS[39m (0 secs / 0.079 secs)
[1A[2KChrome 147.0.0.0 (Windows 10): Executed 12 of 196[32m SUCCESS[39m (0 secs / 0.079 secs)
[1A[2KChrome 147.0.0.0 (Windows 10): Executed 13 of 196[32m SUCCESS[39m (0 secs / 0.079 secs)
[1A[2KChrome 147.0.0.0 (Windows 10): Executed 14 of 196[32m SUCCESS[39m (0 secs / 0.079 secs)
[1A[2KChrome 147.0.0.0 (Windows 10): Executed 15 of 196[32m SUCCESS[39m (0 secs / 0.079 secs)
[1A[2KChrome 147.0.0.0 (Windows 10): Executed 16 of 196[32m SUCCESS[39m (0 secs / 0.079 secs)
[1A[2KChrome 147.0.0.0 (Windows 10): Executed 17 of 196[32m SUCCESS[39m (0 secs / 0.082 secs)
[1A[2KChrome 147.0.0.0 (Windows 10): Executed 18 of 196[32m SUCCESS[39m (0 secs / 0.083 secs)
[1A[2KChrome 147.0.0.0 (Windows 10): Executed 19 of 196[32m SUCCESS[39m (0 secs / 0.085 secs)
[1A[2KChrome 147.0.0.0 (Windows 10): Executed 20 of 196[32m SUCCESS[39m (0 secs / 0.087 secs)
[1A[2KChrome 147.0.0.0 (Windows 10): Executed 21 of 196[32m SUCCESS[39m (0 secs / 0.089 secs)
[1A[2KChrome 147.0.0.0 (Windows 10): Executed 22 of 196[32m SUCCESS[39m (0 secs / 0.091 secs)
[1A[2KChrome 147.0.0.0 (Windows 10): Executed 23 of 196[32m SUCCESS[39m (0 secs / 0.092 secs)
[1A[2KChrome 147.0.0.0 (Windows 10): Executed 24 of 196[32m SUCCESS[39m (0 secs / 0.178 secs)
[1A[2KChrome 147.0.0.0 (Windows 10): Executed 25 of 196[32m SUCCESS[39m (0 secs / 0.204 secs)
[1A[2KChrome 147.0.0.0 (Windows 10): Executed 26 of 196[32m SUCCESS[39m (0 secs / 0.232 secs)
[1A[2KChrome 147.0.0.0 (Windows 10): Executed 27 of 196[32m SUCCESS[39m (0 secs / 0.282 secs)
[1A[2KChrome 147.0.0.0 (Windows 10): Executed 28 of 196[32m SUCCESS[39m (0 secs / 0.287 secs)
[1A[2KChrome 147.0.0.0 (Windows 10): Executed 29 of 196[32m SUCCESS[39m (0 secs / 0.289 secs)
[1A[2KChrome 147.0.0.0 (Windows 10): Executed 30 of 196[32m SUCCESS[39m (0 secs / 0.29 secs)
[1A[2KChrome 147.0.0.0 (Windows 10): Executed 31 of 196[32m SUCCESS[39m (0 secs / 0.292 secs)
[1A[2KChrome 147.0.0.0 (Windows 10): Executed 32 of 196[32m SUCCESS[39m (0 secs / 0.348 secs)
[1A[2KChrome 147.0.0.0 (Windows 10): Executed 33 of 196[32m SUCCESS[39m (0 secs / 0.38 secs)
[1A[2KChrome 147.0.0.0 (Windows 10): Executed 34 of 196[32m SUCCESS[39m (0 secs / 0.405 secs)
[1A[2KChrome 147.0.0.0 (Windows 10): Executed 35 of 196[32m SUCCESS[39m (0 secs / 0.432 secs)
[1A[2KChrome 147.0.0.0 (Windows 10): Executed 36 of 196[32m SUCCESS[39m (0 secs / 0.455 secs)
[1A[2KChrome 147.0.0.0 (Windows 10): Executed 37 of 196[32m SUCCESS[39m (0 secs / 0.456 secs)
[1A[2KChrome 147.0.0.0 (Windows 10): Executed 38 of 196[32m SUCCESS[39m (0 secs / 0.456 secs)
[1A[2KChrome 147.0.0.0 (Windows 10): Executed 39 of 196[32m SUCCESS[39m (0 secs / 0.456 secs)
[1A[2KChrome 147.0.0.0 (Windows 10): Executed 40 of 196[32m SUCCESS[39m (0 secs / 0.457 secs)
[1A[2KWARN: [36m'Spec 'BancoService should get sessions with all filters' has no expectations.'[39m
Chrome 147.0.0.0 (Windows 10): Executed 40 of 196[32m SUCCESS[39m (0 secs / 0.457 secs)
WARN: 'Spec 'BancoService should get sessions with all filters' has no expectations.'
[1A[2KChrome 147.0.0.0 (Windows 10): Executed 41 of 196[32m SUCCESS[39m (0 secs / 0.458 secs)
[1A[2KWARN: [36m'Spec 'BancoService should get sessions with individual filters' has no expectations.'[39m
Chrome 147.0.0.0 (Windows 10): Executed 41 of 196[32m SUCCESS[39m (0 secs / 0.458 secs)
WARN: 'Spec 'BancoService should get sessions with individual filters' has no expectations.'
[1A[2KChrome 147.0.0.0 (Windows 10): Executed 42 of 196[32m SUCCESS[39m (0 secs / 0.46 secs)
[1A[2KChrome 147.0.0.0 (Windows 10): Executed 43 of 196[32m SUCCESS[39m (0 secs / 0.461 secs)
[1A[2KChrome 147.0.0.0 (Windows 10): Executed 44 of 196[32m SUCCESS[39m (0 secs / 0.462 secs)
[1A[2KChrome 147.0.0.0 (Windows 10): Executed 45 of 196[32m SUCCESS[39m (0 secs / 0.515 secs)
[1A[2KChrome 147.0.0.0 (Windows 10): Executed 46 of 196[32m SUCCESS[39m (0 secs / 0.541 secs)
[1A[2KChrome 147.0.0.0 (Windows 10): Executed 47 of 196[32m SUCCESS[39m (0 secs / 0.575 secs)
[1A[2KChrome 147.0.0.0 (Windows 10): Executed 48 of 196[32m SUCCESS[39m (0 secs / 0.597 secs)
[1A[2KChrome 147.0.0.0 (Windows 10): Executed 49 of 196[32m SUCCESS[39m (0 secs / 0.621 secs)
[1A[2KChrome 147.0.0.0 (Windows 10): Executed 50 of 196[32m SUCCESS[39m (0 secs / 0.622 secs)
[1A[2KChrome 147.0.0.0 (Windows 10): Executed 51 of 196[32m SUCCESS[39m (0 secs / 0.622 secs)
[1A[2KChrome 147.0.0.0 (Windows 10): Executed 52 of 196[32m SUCCESS[39m (0 secs / 0.622 secs)
[1A[2KChrome 147.0.0.0 (Windows 10): Executed 53 of 196[32m SUCCESS[39m (0 secs / 0.622 secs)
[1A[2KChrome 147.0.0.0 (Windows 10): Executed 54 of 196[32m SUCCESS[39m (0 secs / 0.622 secs)
[1A[2KChrome 147.0.0.0 (Windows 10): Executed 55 of 196[32m SUCCESS[39m (0 secs / 0.634 secs)
[1A[2KChrome 147.0.0.0 (Windows 10): Executed 56 of 196[32m SUCCESS[39m (0 secs / 0.641 secs)
[1A[2KChrome 147.0.0.0 (Windows 10): Executed 57 of 196[32m SUCCESS[39m (0 secs / 0.647 secs)
[1A[2KChrome 147.0.0.0 (Windows 10): Executed 58 of 196[32m SUCCESS[39m (0 secs / 0.648 secs)
[1A[2KChrome 147.0.0.0 (Windows 10): Executed 59 of 196[32m SUCCESS[39m (0 secs / 0.648 secs)
[1A[2KChrome 147.0.0.0 (Windows 10): Executed 60 of 196[32m SUCCESS[39m (0 secs / 0.648 secs)
[1A[2KChrome 147.0.0.0 (Windows 10): Executed 61 of 196[32m SUCCESS[39m (0 secs / 0.648 secs)
[1A[2KChrome 147.0.0.0 (Windows 10): Executed 62 of 196[32m SUCCESS[39m (0 secs / 0.648 secs)
[1A[2KChrome 147.0.0.0 (Windows 10): Executed 63 of 196[32m SUCCESS[39m (0 secs / 0.648 secs)
[1A[2KChrome 147.0.0.0 (Windows 10): Executed 64 of 196[32m SUCCESS[39m (0 secs / 0.648 secs)
[1A[2KChrome 147.0.0.0 (Windows 10): Executed 65 of 196[32m SUCCESS[39m (0 secs / 0.648 secs)
[1A[2KChrome 147.0.0.0 (Windows 10): Executed 66 of 196[32m SUCCESS[39m (0 secs / 0.746 secs)
[1A[2KChrome 147.0.0.0 (Windows 10): Executed 67 of 196[32m SUCCESS[39m (0 secs / 0.823 secs)
[1A[2KChrome 147.0.0.0 (Windows 10): Executed 68 of 196[32m SUCCESS[39m (0 secs / 0.828 secs)
[1A[2KChrome 147.0.0.0 (Windows 10): Executed 69 of 196[32m SUCCESS[39m (0 secs / 0.83 secs)
[1A[2KChrome 147.0.0.0 (Windows 10): Executed 70 of 196[32m SUCCESS[39m (0 secs / 0.861 secs)
[1A[2KChrome 147.0.0.0 (Windows 10): Executed 71 of 196[32m SUCCESS[39m (0 secs / 0.884 secs)
[1A[2KChrome 147.0.0.0 (Windows 10): Executed 72 of 196[32m SUCCESS[39m (0 secs / 0.897 secs)
[1A[2KChrome 147.0.0.0 (Windows 10): Executed 73 of 196[32m SUCCESS[39m (0 secs / 0.899 secs)
[1A[2KChrome 147.0.0.0 (Windows 10): Executed 74 of 196[32m SUCCESS[39m (0 secs / 0.901 secs)
[1A[2KChrome 147.0.0.0 (Windows 10): Executed 75 of 196[32m SUCCESS[39m (0 secs / 0.902 secs)
[1A[2KWARN: [36m'Spec 'FlashcardsEffects should refresh summary after rate success' has no expectations.'[39m
Chrome 147.0.0.0 (Windows 10): Executed 75 of 196[32m SUCCESS[39m (0 secs / 0.902 secs)
WARN: 'Spec 'FlashcardsEffects should refresh summary after rate success' has no expectations.'
[1A[2KChrome 147.0.0.0 (Windows 10): Executed 76 of 196[32m SUCCESS[39m (0 secs / 0.903 secs)
[1A[2KChrome 147.0.0.0 (Windows 10): Executed 77 of 196[32m SUCCESS[39m (0 secs / 0.905 secs)
[1A[2KChrome 147.0.0.0 (Windows 10): Executed 78 of 196[32m SUCCESS[39m (0 secs / 0.906 secs)
[1A[2KChrome 147.0.0.0 (Windows 10): Executed 79 of 196[32m SUCCESS[39m (0 secs / 0.907 secs)
[1A[2KChrome 147.0.0.0 (Windows 10): Executed 80 of 196[32m SUCCESS[39m (0 secs / 0.908 secs)
[1A[2KChrome 147.0.0.0 (Windows 10): Executed 81 of 196[32m SUCCESS[39m (0 secs / 0.913 secs)
[1A[2KChrome 147.0.0.0 (Windows 10): Executed 82 of 196[32m SUCCESS[39m (0 secs / 0.914 secs)
[1A[2KChrome 147.0.0.0 (Windows 10): Executed 83 of 196[32m SUCCESS[39m (0 secs / 0.916 secs)
[1A[2KChrome 147.0.0.0 (Windows 10): Executed 84 of 196[32m SUCCESS[39m (0 secs / 0.918 secs)
[1A[2KChrome 147.0.0.0 (Windows 10): Executed 85 of 196[32m SUCCESS[39m (0 secs / 0.919 secs)
[1A[2KChrome 147.0.0.0 (Windows 10): Executed 86 of 196[32m SUCCESS[39m (0 secs / 0.921 secs)
[1A[2KChrome 147.0.0.0 (Windows 10): Executed 87 of 196[32m SUCCESS[39m (0 secs / 0.922 secs)
[1A[2KChrome 147.0.0.0 (Windows 10): Executed 88 of 196[32m SUCCESS[39m (0 secs / 0.923 secs)
[1A[2KChrome 147.0.0.0 (Windows 10): Executed 89 of 196[32m SUCCESS[39m (0 secs / 0.924 secs)
[1A[2KChrome 147.0.0.0 (Windows 10): Executed 90 of 196[32m SUCCESS[39m (0 secs / 0.925 secs)
[1A[2KChrome 147.0.0.0 (Windows 10): Executed 91 of 196[32m SUCCESS[39m (0 secs / 0.927 secs)
[1A[2KChrome 147.0.0.0 (Windows 10): Executed 92 of 196[32m SUCCESS[39m (0 secs / 0.98 secs)
[1A[2KChrome 147.0.0.0 (Windows 10): Executed 93 of 196[32m SUCCESS[39m (0 secs / 0.987 secs)
[1A[2KChrome 147.0.0.0 (Windows 10): Executed 94 of 196[32m SUCCESS[39m (0 secs / 0.996 secs)
[1A[2KChrome 147.0.0.0 (Windows 10): Executed 95 of 196[32m SUCCESS[39m (0 secs / 0.999 secs)
[1A[2KChrome 147.0.0.0 (Windows 10): Executed 96 of 196[32m SUCCESS[39m (0 secs / 1 sec)
[1A[2KChrome 147.0.0.0 (Windows 10): Executed 97 of 196[32m SUCCESS[39m (0 secs / 1.001 secs)
[1A[2KChrome 147.0.0.0 (Windows 10): Executed 98 of 196[32m SUCCESS[39m (0 secs / 1.002 secs)
[1A[2KChrome 147.0.0.0 (Windows 10): Executed 99 of 196[32m SUCCESS[39m (0 secs / 1.003 secs)
[1A[2KChrome 147.0.0.0 (Windows 10): Executed 100 of 196[32m SUCCESS[39m (0 secs / 1.007 secs)
[1A[2KChrome 147.0.0.0 (Windows 10): Executed 101 of 196[32m SUCCESS[39m (0 secs / 1.031 secs)
[1A[2KChrome 147.0.0.0 (Windows 10): Executed 102 of 196[32m SUCCESS[39m (0 secs / 1.047 secs)
[1A[2KChrome 147.0.0.0 (Windows 10): Executed 103 of 196[32m SUCCESS[39m (0 secs / 1.07 secs)
[1A[2KChrome 147.0.0.0 (Windows 10): Executed 104 of 196[32m SUCCESS[39m (0 secs / 1.085 secs)
[1A[2KChrome 147.0.0.0 (Windows 10): Executed 105 of 196[32m SUCCESS[39m (0 secs / 1.096 secs)
[1A[2K[31mChrome 147.0.0.0 (Windows 10) ThemeService should dispatch setTheme action when setTheme is called FAILED[39m
	Error: Cannot override provider when the test module has already been instantiated. Make sure you are not using `inject` before `overrideProvider`.
	    at TestBedImpl.assertNotInstantiated (node_modules/@angular/core/fesm2022/testing.mjs:2077:19)
	    at TestBedImpl.overrideProvider (node_modules/@angular/core/fesm2022/testing.mjs:2018:14)
	    at TestBedImpl.overrideProvider (node_modules/@angular/core/fesm2022/testing.mjs:1824:37)
	    at createService (src/app/core/services/theme.service.spec.ts:40:13)
	    at UserContext.apply (src/app/core/services/theme.service.spec.ts:64:5)
	    at _ZoneDelegate.invoke (node_modules/zone.js/fesm2015/zone.js:369:28)
	    at ProxyZoneSpec.onInvoke (node_modules/zone.js/fesm2015/zone-testing.js:2081:39)
	    at _ZoneDelegate.invoke (node_modules/zone.js/fesm2015/zone.js:368:34)
	    at ZoneImpl.run (node_modules/zone.js/fesm2015/zone.js:111:43)
	    at runInTestZone (node_modules/zone.js/fesm2015/zone-testing.js:216:38)
	TypeError: Cannot read properties of undefined (reading 'documentElement')
	    at UserContext.apply (src/app/core/services/theme.service.spec.ts:49:14)
	    at _ZoneDelegate.invoke (node_modules/zone.js/fesm2015/zone.js:369:28)
	    at ProxyZoneSpec.onInvoke (node_modules/zone.js/fesm2015/zone-testing.js:2081:39)
	    at _ZoneDelegate.invoke (node_modules/zone.js/fesm2015/zone.js:368:34)
	    at ZoneImpl.run (node_modules/zone.js/fesm2015/zone.js:111:43)
	    at runInTestZone (node_modules/zone.js/fesm2015/zone-testing.js:216:38)
	    at UserContext.<anonymous> (node_modules/zone.js/fesm2015/zone-testing.js:234:32)
	    at <Jasmine>
Chrome 147.0.0.0 (Windows 10): Executed 106 of 196[31m (1 FAILED)[39m (0 secs / 1.099 secs)
[1A[2K[31mChrome 147.0.0.0 (Windows 10) ThemeService should fallback to default theme if localStorage is empty FAILED[39m
	Error: Cannot override provider when the test module has already been instantiated. Make sure you are not using `inject` before `overrideProvider`.
	    at TestBedImpl.assertNotInstantiated (node_modules/@angular/core/fesm2022/testing.mjs:2077:19)
	    at TestBedImpl.overrideProvider (node_modules/@angular/core/fesm2022/testing.mjs:2018:14)
	    at TestBedImpl.overrideProvider (node_modules/@angular/core/fesm2022/testing.mjs:1824:37)
	    at createService (src/app/core/services/theme.service.spec.ts:40:13)
	    at UserContext.apply (src/app/core/services/theme.service.spec.ts:59:5)
	    at _ZoneDelegate.invoke (node_modules/zone.js/fesm2015/zone.js:369:28)
	    at ProxyZoneSpec.onInvoke (node_modules/zone.js/fesm2015/zone-testing.js:2081:39)
	    at _ZoneDelegate.invoke (node_modules/zone.js/fesm2015/zone.js:368:34)
	    at ZoneImpl.run (node_modules/zone.js/fesm2015/zone.js:111:43)
	    at runInTestZone (node_modules/zone.js/fesm2015/zone-testing.js:216:38)
	TypeError: Cannot read properties of undefined (reading 'documentElement')
	    at UserContext.apply (src/app/core/services/theme.service.spec.ts:49:14)
	    at _ZoneDelegate.invoke (node_modules/zone.js/fesm2015/zone.js:369:28)
	    at ProxyZoneSpec.onInvoke (node_modules/zone.js/fesm2015/zone-testing.js:2081:39)
	    at _ZoneDelegate.invoke (node_modules/zone.js/fesm2015/zone.js:368:34)
	    at ZoneImpl.run (node_modules/zone.js/fesm2015/zone.js:111:43)
	    at runInTestZone (node_modules/zone.js/fesm2015/zone-testing.js:216:38)
	    at UserContext.<anonymous> (node_modules/zone.js/fesm2015/zone-testing.js:234:32)
	    at <Jasmine>
Chrome 147.0.0.0 (Windows 10): Executed 107 of 196[31m (2 FAILED)[39m (0 secs / 1.1 secs)
[1A[2K[31mChrome 147.0.0.0 (Windows 10) ThemeService should be created FAILED[39m
	Error: Cannot override provider when the test module has already been instantiated. Make sure you are not using `inject` before `overrideProvider`.
	    at TestBedImpl.assertNotInstantiated (node_modules/@angular/core/fesm2022/testing.mjs:2077:19)
	    at TestBedImpl.overrideProvider (node_modules/@angular/core/fesm2022/testing.mjs:2018:14)
	    at TestBedImpl.overrideProvider (node_modules/@angular/core/fesm2022/testing.mjs:1824:37)
	    at createService (src/app/core/services/theme.service.spec.ts:40:13)
	    at UserContext.apply (src/app/core/services/theme.service.spec.ts:53:5)
	    at _ZoneDelegate.invoke (node_modules/zone.js/fesm2015/zone.js:369:28)
	    at ProxyZoneSpec.onInvoke (node_modules/zone.js/fesm2015/zone-testing.js:2081:39)
	    at _ZoneDelegate.invoke (node_modules/zone.js/fesm2015/zone.js:368:34)
	    at ZoneImpl.run (node_modules/zone.js/fesm2015/zone.js:111:43)
	    at runInTestZone (node_modules/zone.js/fesm2015/zone-testing.js:216:38)
	TypeError: Cannot read properties of undefined (reading 'documentElement')
	    at UserContext.apply (src/app/core/services/theme.service.spec.ts:49:14)
	    at _ZoneDelegate.invoke (node_modules/zone.js/fesm2015/zone.js:369:28)
	    at ProxyZoneSpec.onInvoke (node_modules/zone.js/fesm2015/zone-testing.js:2081:39)
	    at _ZoneDelegate.invoke (node_modules/zone.js/fesm2015/zone.js:368:34)
	    at ZoneImpl.run (node_modules/zone.js/fesm2015/zone.js:111:43)
	    at runInTestZone (node_modules/zone.js/fesm2015/zone-testing.js:216:38)
	    at UserContext.<anonymous> (node_modules/zone.js/fesm2015/zone-testing.js:234:32)
	    at <Jasmine>
Chrome 147.0.0.0 (Windows 10): Executed 108 of 196[31m (3 FAILED)[39m (0 secs / 1.101 secs)
[1A[2K[31mChrome 147.0.0.0 (Windows 10) ThemeService should update localStorage when theme changes FAILED[39m
	Error: Cannot override provider when the test module has already been instantiated. Make sure you are not using `inject` before `overrideProvider`.
	    at TestBedImpl.assertNotInstantiated (node_modules/@angular/core/fesm2022/testing.mjs:2077:19)
	    at TestBedImpl.overrideProvider (node_modules/@angular/core/fesm2022/testing.mjs:2018:14)
	    at TestBedImpl.overrideProvider (node_modules/@angular/core/fesm2022/testing.mjs:1824:37)
	    at createService (src/app/core/services/theme.service.spec.ts:40:13)
	    at UserContext.apply (src/app/core/services/theme.service.spec.ts:80:5)
	    at _ZoneDelegate.invoke (node_modules/zone.js/fesm2015/zone.js:369:28)
	    at ProxyZoneSpec.onInvoke (node_modules/zone.js/fesm2015/zone-testing.js:2081:39)
	    at _ZoneDelegate.invoke (node_modules/zone.js/fesm2015/zone.js:368:34)
	    at ZoneImpl.run (node_modules/zone.js/fesm2015/zone.js:111:43)
	    at runInTestZone (node_modules/zone.js/fesm2015/zone-testing.js:216:38)
	TypeError: Cannot read properties of undefined (reading 'documentElement')
	    at UserContext.apply (src/app/core/services/theme.service.spec.ts:49:14)
	    at _ZoneDelegate.invoke (node_modules/zone.js/fesm2015/zone.js:369:28)
	    at ProxyZoneSpec.onInvoke (node_modules/zone.js/fesm2015/zone-testing.js:2081:39)
	    at _ZoneDelegate.invoke (node_modules/zone.js/fesm2015/zone.js:368:34)
	    at ZoneImpl.run (node_modules/zone.js/fesm2015/zone.js:111:43)
	    at runInTestZone (node_modules/zone.js/fesm2015/zone-testing.js:216:38)
	    at UserContext.<anonymous> (node_modules/zone.js/fesm2015/zone-testing.js:234:32)
	    at <Jasmine>
Chrome 147.0.0.0 (Windows 10): Executed 109 of 196[31m (4 FAILED)[39m (0 secs / 1.103 secs)
[1A[2K[31mChrome 147.0.0.0 (Windows 10) ThemeService should apply theme to document element FAILED[39m
	Error: Cannot override provider when the test module has already been instantiated. Make sure you are not using `inject` before `overrideProvider`.
	    at TestBedImpl.assertNotInstantiated (node_modules/@angular/core/fesm2022/testing.mjs:2077:19)
	    at TestBedImpl.overrideProvider (node_modules/@angular/core/fesm2022/testing.mjs:2018:14)
	    at TestBedImpl.overrideProvider (node_modules/@angular/core/fesm2022/testing.mjs:1824:37)
	    at createService (src/app/core/services/theme.service.spec.ts:40:13)
	    at UserContext.apply (src/app/core/services/theme.service.spec.ts:72:5)
	    at _ZoneDelegate.invoke (node_modules/zone.js/fesm2015/zone.js:369:28)
	    at ProxyZoneSpec.onInvoke (node_modules/zone.js/fesm2015/zone-testing.js:2081:39)
	    at _ZoneDelegate.invoke (node_modules/zone.js/fesm2015/zone.js:368:34)
	    at ZoneImpl.run (node_modules/zone.js/fesm2015/zone.js:111:43)
	    at runInTestZone (node_modules/zone.js/fesm2015/zone-testing.js:216:38)
	TypeError: Cannot read properties of undefined (reading 'documentElement')
	    at UserContext.apply (src/app/core/services/theme.service.spec.ts:49:14)
	    at _ZoneDelegate.invoke (node_modules/zone.js/fesm2015/zone.js:369:28)
	    at ProxyZoneSpec.onInvoke (node_modules/zone.js/fesm2015/zone-testing.js:2081:39)
	    at _ZoneDelegate.invoke (node_modules/zone.js/fesm2015/zone.js:368:34)
	    at ZoneImpl.run (node_modules/zone.js/fesm2015/zone.js:111:43)
	    at runInTestZone (node_modules/zone.js/fesm2015/zone-testing.js:216:38)
	    at UserContext.<anonymous> (node_modules/zone.js/fesm2015/zone-testing.js:234:32)
	    at <Jasmine>
Chrome 147.0.0.0 (Windows 10): Executed 110 of 196[31m (5 FAILED)[39m (0 secs / 1.105 secs)
[1A[2KChrome 147.0.0.0 (Windows 10): Executed 111 of 196[31m (5 FAILED)[39m (0 secs / 1.105 secs)
[1A[2KChrome 147.0.0.0 (Windows 10): Executed 112 of 196[31m (5 FAILED)[39m (0 secs / 1.105 secs)
[1A[2KChrome 147.0.0.0 (Windows 10): Executed 113 of 196[31m (5 FAILED)[39m (0 secs / 1.106 secs)
[1A[2KChrome 147.0.0.0 (Windows 10): Executed 114 of 196[31m (5 FAILED)[39m (0 secs / 1.107 secs)
[1A[2KChrome 147.0.0.0 (Windows 10): Executed 115 of 196[31m (5 FAILED)[39m (0 secs / 1.109 secs)
[1A[2KChrome 147.0.0.0 (Windows 10): Executed 116 of 196[31m (5 FAILED)[39m (0 secs / 1.11 secs)
[1A[2KChrome 147.0.0.0 (Windows 10): Executed 117 of 196[31m (5 FAILED)[39m (0 secs / 1.11 secs)
[1A[2KWARN: [36m'Spec 'FlashcardService should get flashcards with pagination' has no expectations.'[39m
Chrome 147.0.0.0 (Windows 10): Executed 117 of 196[31m (5 FAILED)[39m (0 secs / 1.11 secs)
WARN: 'Spec 'FlashcardService should get flashcards with pagination' has no expectations.'
[1A[2KChrome 147.0.0.0 (Windows 10): Executed 118 of 196[31m (5 FAILED)[39m (0 secs / 1.111 secs)
[1A[2KChrome 147.0.0.0 (Windows 10): Executed 119 of 196[31m (5 FAILED)[39m (0 secs / 1.112 secs)
[1A[2KChrome 147.0.0.0 (Windows 10): Executed 120 of 196[31m (5 FAILED)[39m (0 secs / 1.113 secs)
[1A[2KWARN: [36m'Spec 'SimuladosService should get simulados with individual filters' has no expectations.'[39m
Chrome 147.0.0.0 (Windows 10): Executed 120 of 196[31m (5 FAILED)[39m (0 secs / 1.113 secs)
WARN: 'Spec 'SimuladosService should get simulados with individual filters' has no expectations.'
[1A[2KChrome 147.0.0.0 (Windows 10): Executed 121 of 196[31m (5 FAILED)[39m (0 secs / 1.115 secs)
[1A[2KWARN: [36m'Spec 'SimuladosService should get latest by instituicao' has no expectations.'[39m
Chrome 147.0.0.0 (Windows 10): Executed 121 of 196[31m (5 FAILED)[39m (0 secs / 1.115 secs)
WARN: 'Spec 'SimuladosService should get latest by instituicao' has no expectations.'
[1A[2KChrome 147.0.0.0 (Windows 10): Executed 122 of 196[31m (5 FAILED)[39m (0 secs / 1.116 secs)
[1A[2KChrome 147.0.0.0 (Windows 10): Executed 123 of 196[31m (5 FAILED)[39m (0 secs / 1.117 secs)
[1A[2KChrome 147.0.0.0 (Windows 10): Executed 124 of 196[31m (5 FAILED)[39m (0 secs / 1.118 secs)
[1A[2KChrome 147.0.0.0 (Windows 10): Executed 125 of 196[31m (5 FAILED)[39m (0 secs / 1.119 secs)
[1A[2KChrome 147.0.0.0 (Windows 10): Executed 126 of 196[31m (5 FAILED)[39m (0 secs / 1.119 secs)
[1A[2KChrome 147.0.0.0 (Windows 10): Executed 127 of 196[31m (5 FAILED)[39m (0 secs / 1.119 secs)
[1A[2KChrome 147.0.0.0 (Windows 10): Executed 128 of 196[31m (5 FAILED)[39m (0 secs / 1.153 secs)
[1A[2KChrome 147.0.0.0 (Windows 10): Executed 129 of 196[31m (5 FAILED)[39m (0 secs / 1.171 secs)
[1A[2KChrome 147.0.0.0 (Windows 10): Executed 130 of 196[31m (5 FAILED)[39m (0 secs / 1.196 secs)
[1A[2KChrome 147.0.0.0 (Windows 10): Executed 131 of 196[31m (5 FAILED)[39m (0 secs / 1.197 secs)
[1A[2KChrome 147.0.0.0 (Windows 10): Executed 132 of 196[31m (5 FAILED)[39m (0 secs / 1.204 secs)
[1A[2KChrome 147.0.0.0 (Windows 10): Executed 133 of 196[31m (5 FAILED)[39m (0 secs / 1.205 secs)
[1A[2KChrome 147.0.0.0 (Windows 10): Executed 134 of 196[31m (5 FAILED)[39m (0 secs / 1.206 secs)
[1A[2KChrome 147.0.0.0 (Windows 10): Executed 135 of 196[31m (5 FAILED)[39m (0 secs / 1.207 secs)
[1A[2KChrome 147.0.0.0 (Windows 10): Executed 136 of 196[31m (5 FAILED)[39m (0 secs / 1.287 secs)
[1A[2KChrome 147.0.0.0 (Windows 10): Executed 137 of 196[31m (5 FAILED)[39m (0 secs / 1.401 secs)
[1A[2KChrome 147.0.0.0 (Windows 10): Executed 138 of 196[31m (5 FAILED)[39m (0 secs / 1.475 secs)
[1A[2KChrome 147.0.0.0 (Windows 10): Executed 139 of 196[31m (5 FAILED)[39m (0 secs / 1.544 secs)
[1A[2KChrome 147.0.0.0 (Windows 10): Executed 140 of 196[31m (5 FAILED)[39m (0 secs / 1.61 secs)
[1A[2KWARN: [36m'Forgot to flush TestBed? MockRender cannot be used without a reset after TestBed.get / TestBed.inject / TestBed.createComponent and another MockRender in the same test. If you want to mock a service before rendering, consider usage of MockRenderFactory or MockInstance. To flush TestBed, add a call of ngMocks.flushTestBed() before the call of MockRender, or pass `reset: true` to MockRender options.'[39m
Chrome 147.0.0.0 (Windows 10): Executed 140 of 196[31m (5 FAILED)[39m (0 secs / 1.61 secs)
WARN: 'Forgot to flush TestBed? MockRender cannot be used without a reset after TestBed.get / TestBed.inject / TestBed.createComponent and another MockRender in the same test. If you want to mock a service before rendering, consider usage of MockRenderFactory or MockInstance. To flush TestBed, add a call of ngMocks.flushTestBed() before the call of MockRender, or pass `reset: true` to MockRender options.'
[1A[2KChrome 147.0.0.0 (Windows 10): Executed 141 of 196[31m (5 FAILED)[39m (0 secs / 1.662 secs)
[1A[2KChrome 147.0.0.0 (Windows 10): Executed 142 of 196[31m (5 FAILED)[39m (0 secs / 1.714 secs)
[1A[2KWARN: [36m'Forgot to flush TestBed? MockRender cannot be used without a reset after TestBed.get / TestBed.inject / TestBed.createComponent and another MockRender in the same test. If you want to mock a service before rendering, consider usage of MockRenderFactory or MockInstance. To flush TestBed, add a call of ngMocks.flushTestBed() before the call of MockRender, or pass `reset: true` to MockRender options.'[39m
Chrome 147.0.0.0 (Windows 10): Executed 142 of 196[31m (5 FAILED)[39m (0 secs / 1.714 secs)
WARN: 'Forgot to flush TestBed? MockRender cannot be used without a reset after TestBed.get / TestBed.inject / TestBed.createComponent and another MockRender in the same test. If you want to mock a service before rendering, consider usage of MockRenderFactory or MockInstance. To flush TestBed, add a call of ngMocks.flushTestBed() before the call of MockRender, or pass `reset: true` to MockRender options.'
[1A[2KChrome 147.0.0.0 (Windows 10): Executed 143 of 196[31m (5 FAILED)[39m (0 secs / 1.781 secs)
[1A[2KChrome 147.0.0.0 (Windows 10): Executed 144 of 196[31m (5 FAILED)[39m (0 secs / 1.845 secs)
[1A[2KChrome 147.0.0.0 (Windows 10): Executed 145 of 196[31m (5 FAILED)[39m (0 secs / 1.868 secs)
[1A[2KChrome 147.0.0.0 (Windows 10): Executed 146 of 196[31m (5 FAILED)[39m (0 secs / 1.885 secs)
[1A[2KChrome 147.0.0.0 (Windows 10): Executed 147 of 196[31m (5 FAILED)[39m (0 secs / 1.913 secs)
[1A[2KChrome 147.0.0.0 (Windows 10): Executed 148 of 196[31m (5 FAILED)[39m (0 secs / 1.946 secs)
[1A[2KChrome 147.0.0.0 (Windows 10): Executed 149 of 196[31m (5 FAILED)[39m (0 secs / 1.946 secs)
[1A[2KChrome 147.0.0.0 (Windows 10): Executed 150 of 196[31m (5 FAILED)[39m (0 secs / 1.947 secs)
[1A[2KChrome 147.0.0.0 (Windows 10): Executed 151 of 196[31m (5 FAILED)[39m (0 secs / 1.948 secs)
[1A[2KChrome 147.0.0.0 (Windows 10): Executed 152 of 196[31m (5 FAILED)[39m (0 secs / 1.949 secs)
[1A[2KChrome 147.0.0.0 (Windows 10): Executed 153 of 196[31m (5 FAILED)[39m (0 secs / 1.949 secs)
[1A[2KChrome 147.0.0.0 (Windows 10): Executed 154 of 196[31m (5 FAILED)[39m (0 secs / 1.949 secs)
[1A[2KChrome 147.0.0.0 (Windows 10): Executed 155 of 196[31m (5 FAILED)[39m (0 secs / 1.95 secs)
[1A[2KChrome 147.0.0.0 (Windows 10): Executed 156 of 196[31m (5 FAILED)[39m (0 secs / 1.954 secs)
[1A[2KChrome 147.0.0.0 (Windows 10): Executed 157 of 196[31m (5 FAILED)[39m (0 secs / 2.01 secs)
[1A[2KChrome 147.0.0.0 (Windows 10): Executed 158 of 196[31m (5 FAILED)[39m (0 secs / 2.053 secs)
[1A[2KChrome 147.0.0.0 (Windows 10): Executed 159 of 196[31m (5 FAILED)[39m (0 secs / 2.078 secs)
[1A[2KChrome 147.0.0.0 (Windows 10): Executed 160 of 196[31m (5 FAILED)[39m (0 secs / 2.078 secs)
[1A[2KChrome 147.0.0.0 (Windows 10): Executed 161 of 196[31m (5 FAILED)[39m (0 secs / 2.139 secs)
[1A[2KChrome 147.0.0.0 (Windows 10): Executed 162 of 196[31m (5 FAILED)[39m (0 secs / 2.164 secs)
[1A[2KChrome 147.0.0.0 (Windows 10): Executed 163 of 196[31m (5 FAILED)[39m (0 secs / 2.178 secs)
[1A[2KChrome 147.0.0.0 (Windows 10): Executed 164 of 196[31m (5 FAILED)[39m (0 secs / 2.211 secs)
[1A[2KChrome 147.0.0.0 (Windows 10): Executed 165 of 196[31m (5 FAILED)[39m (0 secs / 2.232 secs)
[1A[2KChrome 147.0.0.0 (Windows 10): Executed 166 of 196[31m (5 FAILED)[39m (0 secs / 2.232 secs)
[1A[2KChrome 147.0.0.0 (Windows 10): Executed 167 of 196[31m (5 FAILED)[39m (0 secs / 2.232 secs)
[1A[2KChrome 147.0.0.0 (Windows 10): Executed 168 of 196[31m (5 FAILED)[39m (0 secs / 2.233 secs)
[1A[2KChrome 147.0.0.0 (Windows 10): Executed 169 of 196[31m (5 FAILED)[39m (0 secs / 2.233 secs)
[1A[2KChrome 147.0.0.0 (Windows 10): Executed 170 of 196[31m (5 FAILED)[39m (0 secs / 2.233 secs)
[1A[2KChrome 147.0.0.0 (Windows 10): Executed 171 of 196[31m (5 FAILED)[39m (0 secs / 2.233 secs)
[1A[2KChrome 147.0.0.0 (Windows 10): Executed 172 of 196[31m (5 FAILED)[39m (0 secs / 2.273 secs)
[1A[2KChrome 147.0.0.0 (Windows 10): Executed 173 of 196[31m (5 FAILED)[39m (0 secs / 2.29 secs)
[1A[2KChrome 147.0.0.0 (Windows 10): Executed 174 of 196[31m (5 FAILED)[39m (0 secs / 2.317 secs)
[1A[2KChrome 147.0.0.0 (Windows 10): Executed 175 of 196[31m (5 FAILED)[39m (0 secs / 2.34 secs)
[1A[2KChrome 147.0.0.0 (Windows 10): Executed 176 of 196[31m (5 FAILED)[39m (0 secs / 2.356 secs)
[1A[2KChrome 147.0.0.0 (Windows 10): Executed 177 of 196[31m (5 FAILED)[39m (0 secs / 2.37 secs)
[1A[2KChrome 147.0.0.0 (Windows 10): Executed 178 of 196[31m (5 FAILED)[39m (0 secs / 2.37 secs)
[1A[2KChrome 147.0.0.0 (Windows 10): Executed 179 of 196[31m (5 FAILED)[39m (0 secs / 2.37 secs)
[1A[2KChrome 147.0.0.0 (Windows 10): Executed 180 of 196[31m (5 FAILED)[39m (0 secs / 2.37 secs)
[1A[2KChrome 147.0.0.0 (Windows 10): Executed 181 of 196[31m (5 FAILED)[39m (0 secs / 2.371 secs)
[1A[2KChrome 147.0.0.0 (Windows 10): Executed 182 of 196[31m (5 FAILED)[39m (0 secs / 2.371 secs)
[1A[2KChrome 147.0.0.0 (Windows 10): Executed 183 of 196[31m (5 FAILED)[39m (0 secs / 2.371 secs)
[1A[2KChrome 147.0.0.0 (Windows 10): Executed 184 of 196[31m (5 FAILED)[39m (0 secs / 2.371 secs)
[1A[2KChrome 147.0.0.0 (Windows 10): Executed 185 of 196[31m (5 FAILED)[39m (0 secs / 2.372 secs)
[1A[2KChrome 147.0.0.0 (Windows 10): Executed 186 of 196[31m (5 FAILED)[39m (0 secs / 2.372 secs)
[1A[2KChrome 147.0.0.0 (Windows 10): Executed 187 of 196[31m (5 FAILED)[39m (0 secs / 2.372 secs)
[1A[2KChrome 147.0.0.0 (Windows 10): Executed 188 of 196[31m (5 FAILED)[39m (0 secs / 2.373 secs)
[1A[2KChrome 147.0.0.0 (Windows 10): Executed 189 of 196[31m (5 FAILED)[39m (0 secs / 2.417 secs)
[1A[2KChrome 147.0.0.0 (Windows 10): Executed 190 of 196[31m (5 FAILED)[39m (0 secs / 2.429 secs)
[1A[2KChrome 147.0.0.0 (Windows 10): Executed 191 of 196[31m (5 FAILED)[39m (0 secs / 2.44 secs)
[1A[2KChrome 147.0.0.0 (Windows 10): Executed 192 of 196[31m (5 FAILED)[39m (0 secs / 2.449 secs)
[1A[2KChrome 147.0.0.0 (Windows 10): Executed 193 of 196[31m (5 FAILED)[39m (0 secs / 2.451 secs)
[1A[2KChrome 147.0.0.0 (Windows 10): Executed 194 of 196[31m (5 FAILED)[39m (0 secs / 2.451 secs)
[1A[2KChrome 147.0.0.0 (Windows 10): Executed 195 of 196[31m (5 FAILED)[39m (0 secs / 2.452 secs)
[1A[2KChrome 147.0.0.0 (Windows 10): Executed 196 of 196[31m (5 FAILED)[39m (0 secs / 2.452 secs)
[1A[2KChrome 147.0.0.0 (Windows 10): Executed 196 of 196[31m (5 FAILED)[39m (2.538 secs / 2.452 secs)
[31mTOTAL: 5 FAILED, 191 SUCCESS[39m
ÔêÜ Browser application bundle generation complete.
Chrome 147.0.0.0 (Windows 10): Executed 0 of 196[32m SUCCESS[39m (0 secs / 0 secs)
[1A[2KChrome 147.0.0.0 (Windows 10): Executed 1 of 196[32m SUCCESS[39m (0 secs / 0.003 secs)
[1A[2KChrome 147.0.0.0 (Windows 10): Executed 2 of 196[32m SUCCESS[39m (0 secs / 0.003 secs)
[1A[2KChrome 147.0.0.0 (Windows 10): Executed 3 of 196[32m SUCCESS[39m (0 secs / 0.021 secs)
[1A[2KChrome 147.0.0.0 (Windows 10): Executed 4 of 196[32m SUCCESS[39m (0 secs / 0.025 secs)
[1A[2KChrome 147.0.0.0 (Windows 10): Executed 5 of 196[32m SUCCESS[39m (0 secs / 0.028 secs)
[1A[2KChrome 147.0.0.0 (Windows 10): Executed 6 of 196[32m SUCCESS[39m (0 secs / 0.031 secs)
[1A[2KChrome 147.0.0.0 (Windows 10): Executed 7 of 196[32m SUCCESS[39m (0 secs / 0.036 secs)
[1A[2KChrome 147.0.0.0 (Windows 10): Executed 8 of 196[32m SUCCESS[39m (0 secs / 0.038 secs)
[1A[2KChrome 147.0.0.0 (Windows 10): Executed 9 of 196[32m SUCCESS[39m (0 secs / 0.038 secs)
[1A[2KChrome 147.0.0.0 (Windows 10): Executed 10 of 196[32m SUCCESS[39m (0 secs / 0.039 secs)
[1A[2KChrome 147.0.0.0 (Windows 10): Executed 11 of 196[32m SUCCESS[39m (0 secs / 0.039 secs)
[1A[2KChrome 147.0.0.0 (Windows 10): Executed 12 of 196[32m SUCCESS[39m (0 secs / 0.04 secs)
[1A[2KChrome 147.0.0.0 (Windows 10): Executed 13 of 196[32m SUCCESS[39m (0 secs / 0.386 secs)
[1A[2KChrome 147.0.0.0 (Windows 10): Executed 14 of 196[32m SUCCESS[39m (0 secs / 0.544 secs)
[1A[2KChrome 147.0.0.0 (Windows 10): Executed 15 of 196[32m SUCCESS[39m (0 secs / 0.585 secs)
[1A[2KChrome 147.0.0.0 (Windows 10): Executed 16 of 196[32m SUCCESS[39m (0 secs / 0.646 secs)
[1A[2KChrome 147.0.0.0 (Windows 10): Executed 17 of 196[32m SUCCESS[39m (0 secs / 0.99 secs)
[1A[2KChrome 147.0.0.0 (Windows 10): Executed 18 of 196[32m SUCCESS[39m (0 secs / 0.994 secs)
[1A[2KChrome 147.0.0.0 (Windows 10): Executed 19 of 196[32m SUCCESS[39m (0 secs / 0.996 secs)
[1A[2KChrome 147.0.0.0 (Windows 10): Executed 20 of 196[32m SUCCESS[39m (0 secs / 0.998 secs)
[1A[2KChrome 147.0.0.0 (Windows 10): Executed 21 of 196[32m SUCCESS[39m (0 secs / 1.003 secs)
[1A[2KChrome 147.0.0.0 (Windows 10): Executed 22 of 196[32m SUCCESS[39m (0 secs / 1.003 secs)
[1A[2KChrome 147.0.0.0 (Windows 10): Executed 23 of 196[32m SUCCESS[39m (0 secs / 1.004 secs)
[1A[2KChrome 147.0.0.0 (Windows 10): Executed 24 of 196[32m SUCCESS[39m (0 secs / 1.004 secs)
[1A[2KChrome 147.0.0.0 (Windows 10): Executed 25 of 196[32m SUCCESS[39m (0 secs / 1.004 secs)
[1A[2KChrome 147.0.0.0 (Windows 10): Executed 26 of 196[32m SUCCESS[39m (0 secs / 1.007 secs)
[1A[2KChrome 147.0.0.0 (Windows 10): Executed 27 of 196[32m SUCCESS[39m (0 secs / 1.01 secs)
[1A[2KChrome 147.0.0.0 (Windows 10): Executed 28 of 196[32m SUCCESS[39m (0 secs / 1.117 secs)
[1A[2KChrome 147.0.0.0 (Windows 10): Executed 29 of 196[32m SUCCESS[39m (0 secs / 1.159 secs)
[1A[2KChrome 147.0.0.0 (Windows 10): Executed 30 of 196[32m SUCCESS[39m (0 secs / 1.191 secs)
[1A[2KChrome 147.0.0.0 (Windows 10): Executed 31 of 196[32m SUCCESS[39m (0 secs / 1.227 secs)
[1A[2KChrome 147.0.0.0 (Windows 10): Executed 32 of 196[32m SUCCESS[39m (0 secs / 1.269 secs)
[1A[2KChrome 147.0.0.0 (Windows 10): Executed 33 of 196[32m SUCCESS[39m (0 secs / 1.311 secs)
[1A[2KChrome 147.0.0.0 (Windows 10): Executed 34 of 196[32m SUCCESS[39m (0 secs / 1.33 secs)
[1A[2KChrome 147.0.0.0 (Windows 10): Executed 35 of 196[32m SUCCESS[39m (0 secs / 1.353 secs)
[1A[2KChrome 147.0.0.0 (Windows 10): Executed 36 of 196[32m SUCCESS[39m (0 secs / 1.392 secs)
[1A[2KChrome 147.0.0.0 (Windows 10): Executed 37 of 196[32m SUCCESS[39m (0 secs / 1.424 secs)
[1A[2KChrome 147.0.0.0 (Windows 10): Executed 38 of 196[32m SUCCESS[39m (0 secs / 1.46 secs)
[1A[2KChrome 147.0.0.0 (Windows 10): Executed 39 of 196[32m SUCCESS[39m (0 secs / 1.462 secs)
[1A[2KWARN: [36m'Spec 'BancoService should get sessions with individual filters' has no expectations.'[39m
Chrome 147.0.0.0 (Windows 10): Executed 39 of 196[32m SUCCESS[39m (0 secs / 1.462 secs)
WARN: 'Spec 'BancoService should get sessions with individual filters' has no expectations.'
[1A[2KChrome 147.0.0.0 (Windows 10): Executed 40 of 196[32m SUCCESS[39m (0 secs / 1.466 secs)
[1A[2KChrome 147.0.0.0 (Windows 10): Executed 41 of 196[32m SUCCESS[39m (0 secs / 1.467 secs)
[1A[2KWARN: [36m'Spec 'BancoService should get sessions with all filters' has no expectations.'[39m
Chrome 147.0.0.0 (Windows 10): Executed 41 of 196[32m SUCCESS[39m (0 secs / 1.467 secs)
WARN: 'Spec 'BancoService should get sessions with all filters' has no expectations.'
[1A[2KChrome 147.0.0.0 (Windows 10): Executed 42 of 196[32m SUCCESS[39m (0 secs / 1.469 secs)
[1A[2KChrome 147.0.0.0 (Windows 10): Executed 43 of 196[32m SUCCESS[39m (0 secs / 1.471 secs)
[1A[2KChrome 147.0.0.0 (Windows 10): Executed 44 of 196[32m SUCCESS[39m (0 secs / 1.472 secs)
[1A[2KChrome 147.0.0.0 (Windows 10): Executed 45 of 196[32m SUCCESS[39m (0 secs / 1.483 secs)
[1A[2KChrome 147.0.0.0 (Windows 10): Executed 46 of 196[32m SUCCESS[39m (0 secs / 1.484 secs)
[1A[2KChrome 147.0.0.0 (Windows 10): Executed 47 of 196[32m SUCCESS[39m (0 secs / 1.484 secs)
[1A[2KChrome 147.0.0.0 (Windows 10): Executed 48 of 196[32m SUCCESS[39m (0 secs / 1.485 secs)
[1A[2KChrome 147.0.0.0 (Windows 10): Executed 49 of 196[32m SUCCESS[39m (0 secs / 1.485 secs)
[1A[2KChrome 147.0.0.0 (Windows 10): Executed 50 of 196[32m SUCCESS[39m (0 secs / 1.509 secs)
[1A[2KChrome 147.0.0.0 (Windows 10): Executed 51 of 196[32m SUCCESS[39m (0 secs / 1.533 secs)
[1A[2KChrome 147.0.0.0 (Windows 10): Executed 52 of 196[32m SUCCESS[39m (0 secs / 1.567 secs)
[1A[2KChrome 147.0.0.0 (Windows 10): Executed 53 of 196[32m SUCCESS[39m (0 secs / 1.606 secs)
[1A[2KChrome 147.0.0.0 (Windows 10): Executed 54 of 196[32m SUCCESS[39m (0 secs / 1.636 secs)
[1A[2KChrome 147.0.0.0 (Windows 10): Executed 55 of 196[32m SUCCESS[39m (0 secs / 1.772 secs)
[1A[2KChrome 147.0.0.0 (Windows 10): Executed 56 of 196[32m SUCCESS[39m (0 secs / 1.885 secs)
[1A[2KChrome 147.0.0.0 (Windows 10): Executed 57 of 196[32m SUCCESS[39m (0 secs / 1.996 secs)
[1A[2KWARN: [36m'Forgot to flush TestBed? MockRender cannot be used without a reset after TestBed.get / TestBed.inject / TestBed.createComponent and another MockRender in the same test. If you want to mock a service before rendering, consider usage of MockRenderFactory or MockInstance. To flush TestBed, add a call of ngMocks.flushTestBed() before the call of MockRender, or pass `reset: true` to MockRender options.'[39m
Chrome 147.0.0.0 (Windows 10): Executed 57 of 196[32m SUCCESS[39m (0 secs / 1.996 secs)
WARN: 'Forgot to flush TestBed? MockRender cannot be used without a reset after TestBed.get / TestBed.inject / TestBed.createComponent and another MockRender in the same test. If you want to mock a service before rendering, consider usage of MockRenderFactory or MockInstance. To flush TestBed, add a call of ngMocks.flushTestBed() before the call of MockRender, or pass `reset: true` to MockRender options.'
[1A[2KChrome 147.0.0.0 (Windows 10): Executed 58 of 196[32m SUCCESS[39m (0 secs / 2.145 secs)
[1A[2KWARN: [36m'Forgot to flush TestBed? MockRender cannot be used without a reset after TestBed.get / TestBed.inject / TestBed.createComponent and another MockRender in the same test. If you want to mock a service before rendering, consider usage of MockRenderFactory or MockInstance. To flush TestBed, add a call of ngMocks.flushTestBed() before the call of MockRender, or pass `reset: true` to MockRender options.'[39m
Chrome 147.0.0.0 (Windows 10): Executed 58 of 196[32m SUCCESS[39m (0 secs / 2.145 secs)
WARN: 'Forgot to flush TestBed? MockRender cannot be used without a reset after TestBed.get / TestBed.inject / TestBed.createComponent and another MockRender in the same test. If you want to mock a service before rendering, consider usage of MockRenderFactory or MockInstance. To flush TestBed, add a call of ngMocks.flushTestBed() before the call of MockRender, or pass `reset: true` to MockRender options.'
[1A[2KChrome 147.0.0.0 (Windows 10): Executed 59 of 196[32m SUCCESS[39m (0 secs / 2.281 secs)
[1A[2KChrome 147.0.0.0 (Windows 10): Executed 60 of 196[32m SUCCESS[39m (0 secs / 2.281 secs)
[1A[2KChrome 147.0.0.0 (Windows 10): Executed 61 of 196[32m SUCCESS[39m (0 secs / 2.281 secs)
[1A[2KChrome 147.0.0.0 (Windows 10): Executed 62 of 196[32m SUCCESS[39m (0 secs / 2.282 secs)
[1A[2KChrome 147.0.0.0 (Windows 10): Executed 63 of 196[32m SUCCESS[39m (0 secs / 2.283 secs)
[1A[2KChrome 147.0.0.0 (Windows 10): Executed 64 of 196[32m SUCCESS[39m (0 secs / 2.283 secs)
[1A[2KChrome 147.0.0.0 (Windows 10): Executed 65 of 196[32m SUCCESS[39m (0 secs / 2.284 secs)
[1A[2KChrome 147.0.0.0 (Windows 10): Executed 66 of 196[32m SUCCESS[39m (0 secs / 2.284 secs)
[1A[2KChrome 147.0.0.0 (Windows 10): Executed 67 of 196[32m SUCCESS[39m (0 secs / 2.285 secs)
[1A[2KChrome 147.0.0.0 (Windows 10): Executed 68 of 196[32m SUCCESS[39m (0 secs / 2.286 secs)
[1A[2KChrome 147.0.0.0 (Windows 10): Executed 69 of 196[32m SUCCESS[39m (0 secs / 2.29 secs)
[1A[2KChrome 147.0.0.0 (Windows 10): Executed 70 of 196[32m SUCCESS[39m (0 secs / 2.291 secs)
[1A[2KChrome 147.0.0.0 (Windows 10): Executed 71 of 196[32m SUCCESS[39m (0 secs / 2.293 secs)
[1A[2KChrome 147.0.0.0 (Windows 10): Executed 72 of 196[32m SUCCESS[39m (0 secs / 2.296 secs)
[1A[2KChrome 147.0.0.0 (Windows 10): Executed 73 of 196[32m SUCCESS[39m (0 secs / 2.299 secs)
[1A[2KChrome 147.0.0.0 (Windows 10): Executed 74 of 196[32m SUCCESS[39m (0 secs / 2.385 secs)
[1A[2KChrome 147.0.0.0 (Windows 10): Executed 75 of 196[32m SUCCESS[39m (0 secs / 2.486 secs)
[1A[2KChrome 147.0.0.0 (Windows 10): Executed 76 of 196[32m SUCCESS[39m (0 secs / 2.486 secs)
[1A[2KChrome 147.0.0.0 (Windows 10): Executed 77 of 196[32m SUCCESS[39m (0 secs / 2.487 secs)
[1A[2KChrome 147.0.0.0 (Windows 10): Executed 78 of 196[32m SUCCESS[39m (0 secs / 2.536 secs)
[1A[2KChrome 147.0.0.0 (Windows 10): Executed 79 of 196[32m SUCCESS[39m (0 secs / 2.574 secs)
[1A[2KChrome 147.0.0.0 (Windows 10): Executed 80 of 196[32m SUCCESS[39m (0 secs / 2.618 secs)
[1A[2KChrome 147.0.0.0 (Windows 10): Executed 81 of 196[32m SUCCESS[39m (0 secs / 2.642 secs)
[1A[2KChrome 147.0.0.0 (Windows 10): Executed 82 of 196[32m SUCCESS[39m (0 secs / 2.684 secs)
[1A[2KChrome 147.0.0.0 (Windows 10): Executed 83 of 196[32m SUCCESS[39m (0 secs / 2.686 secs)
[1A[2KChrome 147.0.0.0 (Windows 10): Executed 84 of 196[32m SUCCESS[39m (0 secs / 2.692 secs)
[1A[2KChrome 147.0.0.0 (Windows 10): Executed 85 of 196[32m SUCCESS[39m (0 secs / 2.692 secs)
[1A[2KChrome 147.0.0.0 (Windows 10): Executed 86 of 196[32m SUCCESS[39m (0 secs / 2.692 secs)
[1A[2KChrome 147.0.0.0 (Windows 10): Executed 87 of 196[32m SUCCESS[39m (0 secs / 2.696 secs)
[1A[2KChrome 147.0.0.0 (Windows 10): Executed 88 of 196[32m SUCCESS[39m (0 secs / 2.698 secs)
[1A[2KChrome 147.0.0.0 (Windows 10): Executed 89 of 196[32m SUCCESS[39m (0 secs / 2.699 secs)
[1A[2KChrome 147.0.0.0 (Windows 10): Executed 90 of 196[32m SUCCESS[39m (0 secs / 2.699 secs)
[1A[2KChrome 147.0.0.0 (Windows 10): Executed 91 of 196[32m SUCCESS[39m (0 secs / 2.699 secs)
[1A[2KChrome 147.0.0.0 (Windows 10): Executed 92 of 196[32m SUCCESS[39m (0 secs / 2.7 secs)
[1A[2KChrome 147.0.0.0 (Windows 10): Executed 93 of 196[32m SUCCESS[39m (0 secs / 2.7 secs)
[1A[2KChrome 147.0.0.0 (Windows 10): Executed 94 of 196[32m SUCCESS[39m (0 secs / 2.7 secs)
[1A[2KChrome 147.0.0.0 (Windows 10): Executed 95 of 196[32m SUCCESS[39m (0 secs / 2.701 secs)
[1A[2KChrome 147.0.0.0 (Windows 10): Executed 96 of 196[32m SUCCESS[39m (0 secs / 2.701 secs)
[1A[2KChrome 147.0.0.0 (Windows 10): Executed 97 of 196[32m SUCCESS[39m (0 secs / 2.702 secs)
[1A[2KChrome 147.0.0.0 (Windows 10): Executed 98 of 196[32m SUCCESS[39m (0 secs / 2.708 secs)
[1A[2KChrome 147.0.0.0 (Windows 10): Executed 99 of 196[32m SUCCESS[39m (0 secs / 2.709 secs)
[1A[2KChrome 147.0.0.0 (Windows 10): Executed 100 of 196[32m SUCCESS[39m (0 secs / 2.711 secs)
[1A[2KChrome 147.0.0.0 (Windows 10): Executed 101 of 196[32m SUCCESS[39m (0 secs / 2.711 secs)
[1A[2KChrome 147.0.0.0 (Windows 10): Executed 102 of 196[32m SUCCESS[39m (0 secs / 2.711 secs)
[1A[2KChrome 147.0.0.0 (Windows 10): Executed 103 of 196[32m SUCCESS[39m (0 secs / 2.711 secs)
[1A[2KChrome 147.0.0.0 (Windows 10): Executed 104 of 196[32m SUCCESS[39m (0 secs / 2.712 secs)
[1A[2KChrome 147.0.0.0 (Windows 10): Executed 105 of 196[32m SUCCESS[39m (0 secs / 2.725 secs)
[1A[2KChrome 147.0.0.0 (Windows 10): Executed 106 of 196[32m SUCCESS[39m (0 secs / 2.747 secs)
[1A[2KChrome 147.0.0.0 (Windows 10): Executed 107 of 196[32m SUCCESS[39m (0 secs / 2.755 secs)
[1A[2KChrome 147.0.0.0 (Windows 10): Executed 108 of 196[32m SUCCESS[39m (0 secs / 2.757 secs)
[1A[2KChrome 147.0.0.0 (Windows 10): Executed 109 of 196[32m SUCCESS[39m (0 secs / 2.758 secs)
[1A[2KChrome 147.0.0.0 (Windows 10): Executed 110 of 196[32m SUCCESS[39m (0 secs / 2.758 secs)
[1A[2KChrome 147.0.0.0 (Windows 10): Executed 111 of 196[32m SUCCESS[39m (0 secs / 2.797 secs)
[1A[2KChrome 147.0.0.0 (Windows 10): Executed 112 of 196[32m SUCCESS[39m (0 secs / 2.828 secs)
[1A[2KChrome 147.0.0.0 (Windows 10): Executed 113 of 196[32m SUCCESS[39m (0 secs / 2.858 secs)
[1A[2KChrome 147.0.0.0 (Windows 10): Executed 114 of 196[32m SUCCESS[39m (0 secs / 2.862 secs)
[1A[2KChrome 147.0.0.0 (Windows 10): Executed 115 of 196[32m SUCCESS[39m (0 secs / 2.864 secs)
[1A[2KChrome 147.0.0.0 (Windows 10): Executed 116 of 196[32m SUCCESS[39m (0 secs / 2.868 secs)
[1A[2KChrome 147.0.0.0 (Windows 10): Executed 117 of 196[32m SUCCESS[39m (0 secs / 2.871 secs)
[1A[2KChrome 147.0.0.0 (Windows 10): Executed 118 of 196[32m SUCCESS[39m (0 secs / 2.884 secs)
[1A[2KChrome 147.0.0.0 (Windows 10): Executed 119 of 196[32m SUCCESS[39m (0 secs / 2.887 secs)
[1A[2KChrome 147.0.0.0 (Windows 10): Executed 120 of 196[32m SUCCESS[39m (0 secs / 2.889 secs)
[1A[2KChrome 147.0.0.0 (Windows 10): Executed 121 of 196[32m SUCCESS[39m (0 secs / 2.891 secs)
[1A[2KChrome 147.0.0.0 (Windows 10): Executed 122 of 196[32m SUCCESS[39m (0 secs / 2.893 secs)
[1A[2KChrome 147.0.0.0 (Windows 10): Executed 123 of 196[32m SUCCESS[39m (0 secs / 2.896 secs)
[1A[2KChrome 147.0.0.0 (Windows 10): Executed 124 of 196[32m SUCCESS[39m (0 secs / 2.898 secs)
[1A[2KChrome 147.0.0.0 (Windows 10): Executed 125 of 196[32m SUCCESS[39m (0 secs / 2.899 secs)
[1A[2KWARN: [36m'Spec 'FlashcardsEffects should refresh summary after rate success' has no expectations.'[39m
Chrome 147.0.0.0 (Windows 10): Executed 125 of 196[32m SUCCESS[39m (0 secs / 2.899 secs)
WARN: 'Spec 'FlashcardsEffects should refresh summary after rate success' has no expectations.'
[1A[2KChrome 147.0.0.0 (Windows 10): Executed 126 of 196[32m SUCCESS[39m (0 secs / 2.902 secs)
[1A[2KChrome 147.0.0.0 (Windows 10): Executed 127 of 196[32m SUCCESS[39m (0 secs / 2.904 secs)
[1A[2KChrome 147.0.0.0 (Windows 10): Executed 128 of 196[32m SUCCESS[39m (0 secs / 2.907 secs)
[1A[2KChrome 147.0.0.0 (Windows 10): Executed 129 of 196[32m SUCCESS[39m (0 secs / 2.91 secs)
[1A[2KChrome 147.0.0.0 (Windows 10): Executed 130 of 196[32m SUCCESS[39m (0 secs / 2.919 secs)
[1A[2KWARN: [36m'Spec 'SimuladosService should get simulados with individual filters' has no expectations.'[39m
Chrome 147.0.0.0 (Windows 10): Executed 130 of 196[32m SUCCESS[39m (0 secs / 2.919 secs)
WARN: 'Spec 'SimuladosService should get simulados with individual filters' has no expectations.'
[1A[2KChrome 147.0.0.0 (Windows 10): Executed 131 of 196[32m SUCCESS[39m (0 secs / 2.925 secs)
[1A[2KWARN: [36m'Spec 'SimuladosService should get latest by instituicao' has no expectations.'[39m
Chrome 147.0.0.0 (Windows 10): Executed 131 of 196[32m SUCCESS[39m (0 secs / 2.925 secs)
WARN: 'Spec 'SimuladosService should get latest by instituicao' has no expectations.'
[1A[2KChrome 147.0.0.0 (Windows 10): Executed 132 of 196[32m SUCCESS[39m (0 secs / 2.927 secs)
[1A[2KChrome 147.0.0.0 (Windows 10): Executed 133 of 196[32m SUCCESS[39m (0 secs / 2.928 secs)
[1A[2KChrome 147.0.0.0 (Windows 10): Executed 134 of 196[32m SUCCESS[39m (0 secs / 2.929 secs)
[1A[2KChrome 147.0.0.0 (Windows 10): Executed 135 of 196[32m SUCCESS[39m (0 secs / 2.929 secs)
[1A[2KChrome 147.0.0.0 (Windows 10): Executed 136 of 196[32m SUCCESS[39m (0 secs / 2.97 secs)
[1A[2KChrome 147.0.0.0 (Windows 10): Executed 137 of 196[32m SUCCESS[39m (0 secs / 3.003 secs)
[1A[2KChrome 147.0.0.0 (Windows 10): Executed 138 of 196[32m SUCCESS[39m (0 secs / 3.045 secs)
[1A[2KChrome 147.0.0.0 (Windows 10): Executed 139 of 196[32m SUCCESS[39m (0 secs / 3.048 secs)
[1A[2KChrome 147.0.0.0 (Windows 10): Executed 140 of 196[32m SUCCESS[39m (0 secs / 3.05 secs)
[1A[2KChrome 147.0.0.0 (Windows 10): Executed 141 of 196[32m SUCCESS[39m (0 secs / 3.051 secs)
[1A[2KChrome 147.0.0.0 (Windows 10): Executed 142 of 196[32m SUCCESS[39m (0 secs / 3.052 secs)
[1A[2KChrome 147.0.0.0 (Windows 10): Executed 143 of 196[32m SUCCESS[39m (0 secs / 3.054 secs)
[1A[2KChrome 147.0.0.0 (Windows 10): Executed 144 of 196[32m SUCCESS[39m (0 secs / 3.056 secs)
[1A[2KChrome 147.0.0.0 (Windows 10): Executed 145 of 196[32m SUCCESS[39m (0 secs / 3.062 secs)
[1A[2KChrome 147.0.0.0 (Windows 10): Executed 146 of 196[32m SUCCESS[39m (0 secs / 3.063 secs)
[1A[2KChrome 147.0.0.0 (Windows 10): Executed 147 of 196[32m SUCCESS[39m (0 secs / 3.074 secs)
[1A[2KChrome 147.0.0.0 (Windows 10): Executed 148 of 196[32m SUCCESS[39m (0 secs / 3.097 secs)
[1A[2KChrome 147.0.0.0 (Windows 10): Executed 149 of 196[32m SUCCESS[39m (0 secs / 3.101 secs)
[1A[2KChrome 147.0.0.0 (Windows 10): Executed 150 of 196[32m SUCCESS[39m (0 secs / 3.143 secs)
[1A[2KChrome 147.0.0.0 (Windows 10): Executed 151 of 196[32m SUCCESS[39m (0 secs / 3.171 secs)
[1A[2KChrome 147.0.0.0 (Windows 10): Executed 152 of 196[32m SUCCESS[39m (0 secs / 3.202 secs)
[1A[2KChrome 147.0.0.0 (Windows 10): Executed 153 of 196[32m SUCCESS[39m (0 secs / 3.205 secs)
[1A[2KChrome 147.0.0.0 (Windows 10): Executed 154 of 196[32m SUCCESS[39m (0 secs / 3.206 secs)
[1A[2KChrome 147.0.0.0 (Windows 10): Executed 155 of 196[32m SUCCESS[39m (0 secs / 3.208 secs)
[1A[2KChrome 147.0.0.0 (Windows 10): Executed 156 of 196[32m SUCCESS[39m (0 secs / 3.209 secs)
[1A[2KChrome 147.0.0.0 (Windows 10): Executed 157 of 196[32m SUCCESS[39m (0 secs / 3.211 secs)
[1A[2KChrome 147.0.0.0 (Windows 10): Executed 158 of 196[32m SUCCESS[39m (0 secs / 3.279 secs)
[1A[2KChrome 147.0.0.0 (Windows 10): Executed 159 of 196[32m SUCCESS[39m (0 secs / 3.322 secs)
[1A[2KChrome 147.0.0.0 (Windows 10): Executed 160 of 196[32m SUCCESS[39m (0 secs / 3.372 secs)
[1A[2KChrome 147.0.0.0 (Windows 10): Executed 161 of 196[32m SUCCESS[39m (0 secs / 3.375 secs)
[1A[2KChrome 147.0.0.0 (Windows 10): Executed 162 of 196[32m SUCCESS[39m (0 secs / 3.377 secs)
[1A[2KChrome 147.0.0.0 (Windows 10): Executed 163 of 196[32m SUCCESS[39m (0 secs / 3.379 secs)
[1A[2KChrome 147.0.0.0 (Windows 10): Executed 164 of 196[32m SUCCESS[39m (0 secs / 3.381 secs)
[1A[2KChrome 147.0.0.0 (Windows 10): Executed 165 of 196[32m SUCCESS[39m (0 secs / 3.383 secs)
[1A[2KChrome 147.0.0.0 (Windows 10): Executed 166 of 196[32m SUCCESS[39m (0 secs / 3.441 secs)
[1A[2KChrome 147.0.0.0 (Windows 10): Executed 167 of 196[32m SUCCESS[39m (0 secs / 3.476 secs)
[1A[2KChrome 147.0.0.0 (Windows 10): Executed 168 of 196[32m SUCCESS[39m (0 secs / 3.514 secs)
[1A[2KChrome 147.0.0.0 (Windows 10): Executed 169 of 196[32m SUCCESS[39m (0 secs / 3.555 secs)
[1A[2KChrome 147.0.0.0 (Windows 10): Executed 170 of 196[32m SUCCESS[39m (0 secs / 3.611 secs)
[1A[2KChrome 147.0.0.0 (Windows 10): Executed 171 of 196[32m SUCCESS[39m (0 secs / 3.633 secs)
[1A[2KChrome 147.0.0.0 (Windows 10): Executed 172 of 196[32m SUCCESS[39m (0 secs / 3.635 secs)
[1A[2KChrome 147.0.0.0 (Windows 10): Executed 173 of 196[32m SUCCESS[39m (0 secs / 3.637 secs)
[1A[2KWARN: [36m'Spec 'FlashcardService should get flashcards with pagination' has no expectations.'[39m
Chrome 147.0.0.0 (Windows 10): Executed 173 of 196[32m SUCCESS[39m (0 secs / 3.637 secs)
WARN: 'Spec 'FlashcardService should get flashcards with pagination' has no expectations.'
[1A[2KChrome 147.0.0.0 (Windows 10): Executed 174 of 196[32m SUCCESS[39m (0 secs / 3.639 secs)
[1A[2KChrome 147.0.0.0 (Windows 10): Executed 175 of 196[32m SUCCESS[39m (0 secs / 3.641 secs)
[1A[2KChrome 147.0.0.0 (Windows 10): Executed 176 of 196[32m SUCCESS[39m (0 secs / 3.643 secs)
[1A[2KChrome 147.0.0.0 (Windows 10): Executed 177 of 196[32m SUCCESS[39m (0 secs / 3.645 secs)
[1A[2KChrome 147.0.0.0 (Windows 10): Executed 178 of 196[32m SUCCESS[39m (0 secs / 3.686 secs)
[1A[2KChrome 147.0.0.0 (Windows 10): Executed 179 of 196[32m SUCCESS[39m (0 secs / 3.712 secs)
[1A[2KChrome 147.0.0.0 (Windows 10): Executed 180 of 196[32m SUCCESS[39m (0 secs / 3.743 secs)
[1A[2KChrome 147.0.0.0 (Windows 10): Executed 181 of 196[32m SUCCESS[39m (0 secs / 3.773 secs)
[1A[2KChrome 147.0.0.0 (Windows 10): Executed 182 of 196[32m SUCCESS[39m (0 secs / 3.775 secs)
[1A[2KChrome 147.0.0.0 (Windows 10): Executed 183 of 196[32m SUCCESS[39m (0 secs / 3.777 secs)
[1A[2KChrome 147.0.0.0 (Windows 10): Executed 184 of 196[32m SUCCESS[39m (0 secs / 3.89 secs)
[1A[2KChrome 147.0.0.0 (Windows 10): Executed 185 of 196[32m SUCCESS[39m (0 secs / 4.018 secs)
[1A[2KChrome 147.0.0.0 (Windows 10): Executed 186 of 196[32m SUCCESS[39m (0 secs / 4.098 secs)
[1A[2KChrome 147.0.0.0 (Windows 10): Executed 187 of 196[32m SUCCESS[39m (0 secs / 4.178 secs)
[1A[2KChrome 147.0.0.0 (Windows 10): Executed 188 of 196[32m SUCCESS[39m (0 secs / 4.268 secs)
[1A[2KChrome 147.0.0.0 (Windows 10): Executed 189 of 196[32m SUCCESS[39m (0 secs / 4.269 secs)
[1A[2KChrome 147.0.0.0 (Windows 10): Executed 190 of 196[32m SUCCESS[39m (0 secs / 4.27 secs)
[1A[2KChrome 147.0.0.0 (Windows 10): Executed 191 of 196[32m SUCCESS[39m (0 secs / 4.27 secs)
[1A[2KChrome 147.0.0.0 (Windows 10): Executed 192 of 196[32m SUCCESS[39m (0 secs / 4.28 secs)
[1A[2KChrome 147.0.0.0 (Windows 10): Executed 193 of 196[32m SUCCESS[39m (0 secs / 4.281 secs)
[1A[2KChrome 147.0.0.0 (Windows 10): Executed 194 of 196[32m SUCCESS[39m (0 secs / 4.282 secs)
[1A[2KChrome 147.0.0.0 (Windows 10): Executed 195 of 196[32m SUCCESS[39m (0 secs / 4.283 secs)
[1A[2KChrome 147.0.0.0 (Windows 10): Executed 196 of 196[32m SUCCESS[39m (0 secs / 4.285 secs)
[1A[2KChrome 147.0.0.0 (Windows 10): Executed 196 of 196[32m SUCCESS[39m (4.428 secs / 4.285 secs)
[32mTOTAL: 196 SUCCESS[39m
ÔêÜ Browser application bundle generation complete.
Chrome 147.0.0.0 (Windows 10): Executed 0 of 196[32m SUCCESS[39m (0 secs / 0 secs)
[1A[2KChrome 147.0.0.0 (Windows 10): Executed 1 of 196[32m SUCCESS[39m (0 secs / 0.322 secs)
[1A[2KChrome 147.0.0.0 (Windows 10): Executed 2 of 196[32m SUCCESS[39m (0 secs / 0.322 secs)
[1A[2KChrome 147.0.0.0 (Windows 10): Executed 3 of 196[32m SUCCESS[39m (0 secs / 0.323 secs)
[1A[2KChrome 147.0.0.0 (Windows 10): Executed 4 of 196[32m SUCCESS[39m (0 secs / 0.412 secs)
[1A[2KChrome 147.0.0.0 (Windows 10): Executed 5 of 196[32m SUCCESS[39m (0 secs / 0.501 secs)
[1A[2KChrome 147.0.0.0 (Windows 10): Executed 6 of 196[32m SUCCESS[39m (0 secs / 0.547 secs)
[1A[2KChrome 147.0.0.0 (Windows 10): Executed 7 of 196[32m SUCCESS[39m (0 secs / 0.589 secs)
[1A[2KChrome 147.0.0.0 (Windows 10): Executed 8 of 196[32m SUCCESS[39m (0 secs / 0.63 secs)
[1A[2KChrome 147.0.0.0 (Windows 10): Executed 9 of 196[32m SUCCESS[39m (0 secs / 0.658 secs)
[1A[2KChrome 147.0.0.0 (Windows 10): Executed 10 of 196[32m SUCCESS[39m (0 secs / 0.67 secs)
[1A[2KChrome 147.0.0.0 (Windows 10): Executed 11 of 196[32m SUCCESS[39m (0 secs / 0.682 secs)
[1A[2KChrome 147.0.0.0 (Windows 10): Executed 12 of 196[32m SUCCESS[39m (0 secs / 0.683 secs)
[1A[2KChrome 147.0.0.0 (Windows 10): Executed 13 of 196[32m SUCCESS[39m (0 secs / 0.683 secs)
[1A[2KChrome 147.0.0.0 (Windows 10): Executed 14 of 196[32m SUCCESS[39m (0 secs / 0.814 secs)
[1A[2KChrome 147.0.0.0 (Windows 10): Executed 15 of 196[32m SUCCESS[39m (0 secs / 0.958 secs)
[1A[2KChrome 147.0.0.0 (Windows 10): Executed 16 of 196[32m SUCCESS[39m (0 secs / 1.049 secs)
[1A[2KChrome 147.0.0.0 (Windows 10): Executed 17 of 196[32m SUCCESS[39m (0 secs / 1.099 secs)
[1A[2KChrome 147.0.0.0 (Windows 10): Executed 18 of 196[32m SUCCESS[39m (0 secs / 1.161 secs)
[1A[2KChrome 147.0.0.0 (Windows 10): Executed 19 of 196[32m SUCCESS[39m (0 secs / 1.161 secs)
[1A[2KChrome 147.0.0.0 (Windows 10): Executed 20 of 196[32m SUCCESS[39m (0 secs / 1.391 secs)
[1A[2KChrome 147.0.0.0 (Windows 10): Executed 21 of 196[32m SUCCESS[39m (0 secs / 1.393 secs)
[1A[2KChrome 147.0.0.0 (Windows 10): Executed 22 of 196[32m SUCCESS[39m (0 secs / 1.455 secs)
[1A[2KChrome 147.0.0.0 (Windows 10): Executed 23 of 196[32m SUCCESS[39m (0 secs / 1.494 secs)
[1A[2KChrome 147.0.0.0 (Windows 10): Executed 24 of 196[32m SUCCESS[39m (0 secs / 1.527 secs)
[1A[2KChrome 147.0.0.0 (Windows 10): Executed 25 of 196[32m SUCCESS[39m (0 secs / 1.528 secs)
[1A[2KChrome 147.0.0.0 (Windows 10): Executed 26 of 196[32m SUCCESS[39m (0 secs / 1.539 secs)
[1A[2KChrome 147.0.0.0 (Windows 10): Executed 27 of 196[32m SUCCESS[39m (0 secs / 1.542 secs)
[1A[2KChrome 147.0.0.0 (Windows 10): Executed 28 of 196[32m SUCCESS[39m (0 secs / 1.544 secs)
[1A[2KChrome 147.0.0.0 (Windows 10): Executed 29 of 196[32m SUCCESS[39m (0 secs / 1.546 secs)
[1A[2KChrome 147.0.0.0 (Windows 10): Executed 30 of 196[32m SUCCESS[39m (0 secs / 1.548 secs)
[1A[2KChrome 147.0.0.0 (Windows 10): Executed 31 of 196[32m SUCCESS[39m (0 secs / 1.55 secs)
[1A[2KChrome 147.0.0.0 (Windows 10): Executed 32 of 196[32m SUCCESS[39m (0 secs / 1.557 secs)
[1A[2KChrome 147.0.0.0 (Windows 10): Executed 33 of 196[32m SUCCESS[39m (0 secs / 1.558 secs)
[1A[2KChrome 147.0.0.0 (Windows 10): Executed 34 of 196[32m SUCCESS[39m (0 secs / 1.558 secs)
[1A[2KChrome 147.0.0.0 (Windows 10): Executed 35 of 196[32m SUCCESS[39m (0 secs / 1.559 secs)
[1A[2KChrome 147.0.0.0 (Windows 10): Executed 36 of 196[32m SUCCESS[39m (0 secs / 1.559 secs)
[1A[2KChrome 147.0.0.0 (Windows 10): Executed 37 of 196[32m SUCCESS[39m (0 secs / 1.559 secs)
[1A[2KChrome 147.0.0.0 (Windows 10): Executed 38 of 196[32m SUCCESS[39m (0 secs / 1.559 secs)
[1A[2KChrome 147.0.0.0 (Windows 10): Executed 39 of 196[32m SUCCESS[39m (0 secs / 1.562 secs)
[1A[2KChrome 147.0.0.0 (Windows 10): Executed 40 of 196[32m SUCCESS[39m (0 secs / 1.564 secs)
[1A[2KChrome 147.0.0.0 (Windows 10): Executed 41 of 196[32m SUCCESS[39m (0 secs / 1.566 secs)
[1A[2KChrome 147.0.0.0 (Windows 10): Executed 42 of 196[32m SUCCESS[39m (0 secs / 1.568 secs)
[1A[2KChrome 147.0.0.0 (Windows 10): Executed 43 of 196[32m SUCCESS[39m (0 secs / 1.57 secs)
[1A[2KWARN: [36m'Spec 'BancoService should get sessions with individual filters' has no expectations.'[39m
Chrome 147.0.0.0 (Windows 10): Executed 43 of 196[32m SUCCESS[39m (0 secs / 1.57 secs)
WARN: 'Spec 'BancoService should get sessions with individual filters' has no expectations.'
[1A[2KChrome 147.0.0.0 (Windows 10): Executed 44 of 196[32m SUCCESS[39m (0 secs / 1.573 secs)
[1A[2KChrome 147.0.0.0 (Windows 10): Executed 45 of 196[32m SUCCESS[39m (0 secs / 1.576 secs)
[1A[2KWARN: [36m'Spec 'BancoService should get sessions with all filters' has no expectations.'[39m
Chrome 147.0.0.0 (Windows 10): Executed 45 of 196[32m SUCCESS[39m (0 secs / 1.576 secs)
WARN: 'Spec 'BancoService should get sessions with all filters' has no expectations.'
[1A[2KChrome 147.0.0.0 (Windows 10): Executed 46 of 196[32m SUCCESS[39m (0 secs / 1.579 secs)
[1A[2KChrome 147.0.0.0 (Windows 10): Executed 47 of 196[32m SUCCESS[39m (0 secs / 1.584 secs)
[1A[2KChrome 147.0.0.0 (Windows 10): Executed 48 of 196[32m SUCCESS[39m (0 secs / 1.584 secs)
[1A[2KChrome 147.0.0.0 (Windows 10): Executed 49 of 196[32m SUCCESS[39m (0 secs / 1.585 secs)
[1A[2KChrome 147.0.0.0 (Windows 10): Executed 50 of 196[32m SUCCESS[39m (0 secs / 1.586 secs)
[1A[2KChrome 147.0.0.0 (Windows 10): Executed 51 of 196[32m SUCCESS[39m (0 secs / 1.587 secs)
[1A[2KChrome 147.0.0.0 (Windows 10): Executed 52 of 196[32m SUCCESS[39m (0 secs / 1.589 secs)
[1A[2KWARN: [36m'Spec 'SimuladosService should get simulados with individual filters' has no expectations.'[39m
Chrome 147.0.0.0 (Windows 10): Executed 52 of 196[32m SUCCESS[39m (0 secs / 1.589 secs)
WARN: 'Spec 'SimuladosService should get simulados with individual filters' has no expectations.'
[1A[2KChrome 147.0.0.0 (Windows 10): Executed 53 of 196[32m SUCCESS[39m (0 secs / 1.591 secs)
[1A[2KWARN: [36m'Spec 'SimuladosService should get latest by instituicao' has no expectations.'[39m
Chrome 147.0.0.0 (Windows 10): Executed 53 of 196[32m SUCCESS[39m (0 secs / 1.591 secs)
WARN: 'Spec 'SimuladosService should get latest by instituicao' has no expectations.'
[1A[2KChrome 147.0.0.0 (Windows 10): Executed 54 of 196[32m SUCCESS[39m (0 secs / 1.593 secs)
[1A[2KChrome 147.0.0.0 (Windows 10): Executed 55 of 196[32m SUCCESS[39m (0 secs / 1.595 secs)
[1A[2KChrome 147.0.0.0 (Windows 10): Executed 56 of 196[32m SUCCESS[39m (0 secs / 1.597 secs)
[1A[2KChrome 147.0.0.0 (Windows 10): Executed 57 of 196[32m SUCCESS[39m (0 secs / 1.599 secs)
[1A[2KChrome 147.0.0.0 (Windows 10): Executed 58 of 196[32m SUCCESS[39m (0 secs / 1.602 secs)
[1A[2KChrome 147.0.0.0 (Windows 10): Executed 59 of 196[32m SUCCESS[39m (0 secs / 1.614 secs)
[1A[2KChrome 147.0.0.0 (Windows 10): Executed 60 of 196[32m SUCCESS[39m (0 secs / 1.616 secs)
[1A[2KChrome 147.0.0.0 (Windows 10): Executed 61 of 196[32m SUCCESS[39m (0 secs / 1.617 secs)
[1A[2KChrome 147.0.0.0 (Windows 10): Executed 62 of 196[32m SUCCESS[39m (0 secs / 1.619 secs)
[1A[2KChrome 147.0.0.0 (Windows 10): Executed 63 of 196[32m SUCCESS[39m (0 secs / 1.621 secs)
[1A[2KChrome 147.0.0.0 (Windows 10): Executed 64 of 196[32m SUCCESS[39m (0 secs / 1.677 secs)
[1A[2KChrome 147.0.0.0 (Windows 10): Executed 65 of 196[32m SUCCESS[39m (0 secs / 1.705 secs)
[1A[2KChrome 147.0.0.0 (Windows 10): Executed 66 of 196[32m SUCCESS[39m (0 secs / 1.745 secs)
[1A[2KChrome 147.0.0.0 (Windows 10): Executed 67 of 196[32m SUCCESS[39m (0 secs / 1.75 secs)
[1A[2KChrome 147.0.0.0 (Windows 10): Executed 68 of 196[32m SUCCESS[39m (0 secs / 1.752 secs)
[1A[2KChrome 147.0.0.0 (Windows 10): Executed 69 of 196[32m SUCCESS[39m (0 secs / 1.755 secs)
[1A[2KChrome 147.0.0.0 (Windows 10): Executed 70 of 196[32m SUCCESS[39m (0 secs / 1.758 secs)
[1A[2KChrome 147.0.0.0 (Windows 10): Executed 71 of 196[32m SUCCESS[39m (0 secs / 1.761 secs)
[1A[2KChrome 147.0.0.0 (Windows 10): Executed 72 of 196[32m SUCCESS[39m (0 secs / 1.763 secs)
[1A[2KWARN: [36m'Spec 'FlashcardService should get flashcards with pagination' has no expectations.'[39m
Chrome 147.0.0.0 (Windows 10): Executed 72 of 196[32m SUCCESS[39m (0 secs / 1.763 secs)
WARN: 'Spec 'FlashcardService should get flashcards with pagination' has no expectations.'
[1A[2KChrome 147.0.0.0 (Windows 10): Executed 73 of 196[32m SUCCESS[39m (0 secs / 1.766 secs)
[1A[2KChrome 147.0.0.0 (Windows 10): Executed 74 of 196[32m SUCCESS[39m (0 secs / 1.777 secs)
[1A[2KChrome 147.0.0.0 (Windows 10): Executed 75 of 196[32m SUCCESS[39m (0 secs / 1.779 secs)
[1A[2KChrome 147.0.0.0 (Windows 10): Executed 76 of 196[32m SUCCESS[39m (0 secs / 1.781 secs)
[1A[2KChrome 147.0.0.0 (Windows 10): Executed 77 of 196[32m SUCCESS[39m (0 secs / 1.783 secs)
[1A[2KChrome 147.0.0.0 (Windows 10): Executed 78 of 196[32m SUCCESS[39m (0 secs / 1.787 secs)
[1A[2KChrome 147.0.0.0 (Windows 10): Executed 79 of 196[32m SUCCESS[39m (0 secs / 1.787 secs)
[1A[2KChrome 147.0.0.0 (Windows 10): Executed 80 of 196[32m SUCCESS[39m (0 secs / 1.789 secs)
[1A[2KChrome 147.0.0.0 (Windows 10): Executed 81 of 196[32m SUCCESS[39m (0 secs / 1.912 secs)
[1A[2KChrome 147.0.0.0 (Windows 10): Executed 82 of 196[32m SUCCESS[39m (0 secs / 2.029 secs)
[1A[2KChrome 147.0.0.0 (Windows 10): Executed 83 of 196[32m SUCCESS[39m (0 secs / 2.145 secs)
[1A[2KChrome 147.0.0.0 (Windows 10): Executed 84 of 196[32m SUCCESS[39m (0 secs / 2.233 secs)
[1A[2KChrome 147.0.0.0 (Windows 10): Executed 85 of 196[32m SUCCESS[39m (0 secs / 2.233 secs)
[1A[2KChrome 147.0.0.0 (Windows 10): Executed 86 of 196[32m SUCCESS[39m (0 secs / 2.234 secs)
[1A[2KChrome 147.0.0.0 (Windows 10): Executed 87 of 196[32m SUCCESS[39m (0 secs / 2.234 secs)
[1A[2KChrome 147.0.0.0 (Windows 10): Executed 88 of 196[32m SUCCESS[39m (0 secs / 2.237 secs)
[1A[2KChrome 147.0.0.0 (Windows 10): Executed 89 of 196[32m SUCCESS[39m (0 secs / 2.239 secs)
[1A[2KChrome 147.0.0.0 (Windows 10): Executed 90 of 196[32m SUCCESS[39m (0 secs / 2.239 secs)
[1A[2KChrome 147.0.0.0 (Windows 10): Executed 91 of 196[32m SUCCESS[39m (0 secs / 2.239 secs)
[1A[2KChrome 147.0.0.0 (Windows 10): Executed 92 of 196[32m SUCCESS[39m (0 secs / 2.24 secs)
[1A[2KChrome 147.0.0.0 (Windows 10): Executed 93 of 196[32m SUCCESS[39m (0 secs / 2.241 secs)
[1A[2KChrome 147.0.0.0 (Windows 10): Executed 94 of 196[32m SUCCESS[39m (0 secs / 2.241 secs)
[1A[2KChrome 147.0.0.0 (Windows 10): Executed 95 of 196[32m SUCCESS[39m (0 secs / 2.241 secs)
[1A[2KChrome 147.0.0.0 (Windows 10): Executed 96 of 196[32m SUCCESS[39m (0 secs / 2.242 secs)
[1A[2KChrome 147.0.0.0 (Windows 10): Executed 97 of 196[32m SUCCESS[39m (0 secs / 2.242 secs)
[1A[2KChrome 147.0.0.0 (Windows 10): Executed 98 of 196[32m SUCCESS[39m (0 secs / 2.242 secs)
[1A[2KChrome 147.0.0.0 (Windows 10): Executed 99 of 196[32m SUCCESS[39m (0 secs / 2.242 secs)
[1A[2KChrome 147.0.0.0 (Windows 10): Executed 100 of 196[32m SUCCESS[39m (0 secs / 2.242 secs)
[1A[2KChrome 147.0.0.0 (Windows 10): Executed 101 of 196[32m SUCCESS[39m (0 secs / 2.246 secs)
[1A[2KChrome 147.0.0.0 (Windows 10): Executed 102 of 196[32m SUCCESS[39m (0 secs / 2.249 secs)
[1A[2KChrome 147.0.0.0 (Windows 10): Executed 103 of 196[32m SUCCESS[39m (0 secs / 2.416 secs)
[1A[2KWARN: [36m'Forgot to flush TestBed? MockRender cannot be used without a reset after TestBed.get / TestBed.inject / TestBed.createComponent and another MockRender in the same test. If you want to mock a service before rendering, consider usage of MockRenderFactory or MockInstance. To flush TestBed, add a call of ngMocks.flushTestBed() before the call of MockRender, or pass `reset: true` to MockRender options.'[39m
Chrome 147.0.0.0 (Windows 10): Executed 103 of 196[32m SUCCESS[39m (0 secs / 2.416 secs)
WARN: 'Forgot to flush TestBed? MockRender cannot be used without a reset after TestBed.get / TestBed.inject / TestBed.createComponent and another MockRender in the same test. If you want to mock a service before rendering, consider usage of MockRenderFactory or MockInstance. To flush TestBed, add a call of ngMocks.flushTestBed() before the call of MockRender, or pass `reset: true` to MockRender options.'
[1A[2KChrome 147.0.0.0 (Windows 10): Executed 104 of 196[32m SUCCESS[39m (0 secs / 2.518 secs)
[1A[2KChrome 147.0.0.0 (Windows 10): Executed 105 of 196[32m SUCCESS[39m (0 secs / 2.607 secs)
[1A[2KChrome 147.0.0.0 (Windows 10): Executed 106 of 196[32m SUCCESS[39m (0 secs / 2.717 secs)
[1A[2KWARN: [36m'Forgot to flush TestBed? MockRender cannot be used without a reset after TestBed.get / TestBed.inject / TestBed.createComponent and another MockRender in the same test. If you want to mock a service before rendering, consider usage of MockRenderFactory or MockInstance. To flush TestBed, add a call of ngMocks.flushTestBed() before the call of MockRender, or pass `reset: true` to MockRender options.'[39m
Chrome 147.0.0.0 (Windows 10): Executed 106 of 196[32m SUCCESS[39m (0 secs / 2.717 secs)
WARN: 'Forgot to flush TestBed? MockRender cannot be used without a reset after TestBed.get / TestBed.inject / TestBed.createComponent and another MockRender in the same test. If you want to mock a service before rendering, consider usage of MockRenderFactory or MockInstance. To flush TestBed, add a call of ngMocks.flushTestBed() before the call of MockRender, or pass `reset: true` to MockRender options.'
[1A[2KChrome 147.0.0.0 (Windows 10): Executed 107 of 196[32m SUCCESS[39m (0 secs / 2.872 secs)
[1A[2KChrome 147.0.0.0 (Windows 10): Executed 108 of 196[32m SUCCESS[39m (0 secs / 2.874 secs)
[1A[2KChrome 147.0.0.0 (Windows 10): Executed 109 of 196[32m SUCCESS[39m (0 secs / 2.876 secs)
[1A[2KChrome 147.0.0.0 (Windows 10): Executed 110 of 196[32m SUCCESS[39m (0 secs / 2.879 secs)
[1A[2KChrome 147.0.0.0 (Windows 10): Executed 111 of 196[32m SUCCESS[39m (0 secs / 2.88 secs)
[1A[2KChrome 147.0.0.0 (Windows 10): Executed 112 of 196[32m SUCCESS[39m (0 secs / 2.883 secs)
[1A[2KChrome 147.0.0.0 (Windows 10): Executed 113 of 196[32m SUCCESS[39m (0 secs / 2.883 secs)
[1A[2KChrome 147.0.0.0 (Windows 10): Executed 114 of 196[32m SUCCESS[39m (0 secs / 2.884 secs)
[1A[2KChrome 147.0.0.0 (Windows 10): Executed 115 of 196[32m SUCCESS[39m (0 secs / 2.925 secs)
[1A[2KChrome 147.0.0.0 (Windows 10): Executed 116 of 196[32m SUCCESS[39m (0 secs / 2.95 secs)
[1A[2KChrome 147.0.0.0 (Windows 10): Executed 117 of 196[32m SUCCESS[39m (0 secs / 2.97 secs)
[1A[2KChrome 147.0.0.0 (Windows 10): Executed 118 of 196[32m SUCCESS[39m (0 secs / 2.972 secs)
[1A[2KChrome 147.0.0.0 (Windows 10): Executed 119 of 196[32m SUCCESS[39m (0 secs / 2.974 secs)
[1A[2KChrome 147.0.0.0 (Windows 10): Executed 120 of 196[32m SUCCESS[39m (0 secs / 2.975 secs)
[1A[2KChrome 147.0.0.0 (Windows 10): Executed 121 of 196[32m SUCCESS[39m (0 secs / 2.977 secs)
[1A[2KChrome 147.0.0.0 (Windows 10): Executed 122 of 196[32m SUCCESS[39m (0 secs / 3.009 secs)
[1A[2KChrome 147.0.0.0 (Windows 10): Executed 123 of 196[32m SUCCESS[39m (0 secs / 3.024 secs)
[1A[2KChrome 147.0.0.0 (Windows 10): Executed 124 of 196[32m SUCCESS[39m (0 secs / 3.044 secs)
[1A[2KChrome 147.0.0.0 (Windows 10): Executed 125 of 196[32m SUCCESS[39m (0 secs / 3.061 secs)
[1A[2KChrome 147.0.0.0 (Windows 10): Executed 126 of 196[32m SUCCESS[39m (0 secs / 3.074 secs)
[1A[2KChrome 147.0.0.0 (Windows 10): Executed 127 of 196[32m SUCCESS[39m (0 secs / 3.077 secs)
[1A[2KChrome 147.0.0.0 (Windows 10): Executed 128 of 196[32m SUCCESS[39m (0 secs / 3.08 secs)
[1A[2KChrome 147.0.0.0 (Windows 10): Executed 129 of 196[32m SUCCESS[39m (0 secs / 3.082 secs)
[1A[2KChrome 147.0.0.0 (Windows 10): Executed 130 of 196[32m SUCCESS[39m (0 secs / 3.086 secs)
[1A[2KChrome 147.0.0.0 (Windows 10): Executed 131 of 196[32m SUCCESS[39m (0 secs / 3.088 secs)
[1A[2KChrome 147.0.0.0 (Windows 10): Executed 132 of 196[32m SUCCESS[39m (0 secs / 3.148 secs)
[1A[2KChrome 147.0.0.0 (Windows 10): Executed 133 of 196[32m SUCCESS[39m (0 secs / 3.189 secs)
[1A[2KChrome 147.0.0.0 (Windows 10): Executed 134 of 196[32m SUCCESS[39m (0 secs / 3.22 secs)
[1A[2KChrome 147.0.0.0 (Windows 10): Executed 135 of 196[32m SUCCESS[39m (0 secs / 3.22 secs)
[1A[2KChrome 147.0.0.0 (Windows 10): Executed 136 of 196[32m SUCCESS[39m (0 secs / 3.221 secs)
[1A[2KChrome 147.0.0.0 (Windows 10): Executed 137 of 196[32m SUCCESS[39m (0 secs / 3.221 secs)
[1A[2KChrome 147.0.0.0 (Windows 10): Executed 138 of 196[32m SUCCESS[39m (0 secs / 3.222 secs)
[1A[2KChrome 147.0.0.0 (Windows 10): Executed 139 of 196[32m SUCCESS[39m (0 secs / 3.222 secs)
[1A[2KChrome 147.0.0.0 (Windows 10): Executed 140 of 196[32m SUCCESS[39m (0 secs / 3.222 secs)
[1A[2KChrome 147.0.0.0 (Windows 10): Executed 141 of 196[32m SUCCESS[39m (0 secs / 3.222 secs)
[1A[2KChrome 147.0.0.0 (Windows 10): Executed 142 of 196[32m SUCCESS[39m (0 secs / 3.222 secs)
[1A[2KChrome 147.0.0.0 (Windows 10): Executed 143 of 196[32m SUCCESS[39m (0 secs / 3.222 secs)
[1A[2KChrome 147.0.0.0 (Windows 10): Executed 144 of 196[32m SUCCESS[39m (0 secs / 3.223 secs)
[1A[2KChrome 147.0.0.0 (Windows 10): Executed 145 of 196[32m SUCCESS[39m (0 secs / 3.224 secs)
[1A[2KChrome 147.0.0.0 (Windows 10): Executed 146 of 196[32m SUCCESS[39m (0 secs / 3.226 secs)
[1A[2KChrome 147.0.0.0 (Windows 10): Executed 147 of 196[32m SUCCESS[39m (0 secs / 3.228 secs)
[1A[2KChrome 147.0.0.0 (Windows 10): Executed 148 of 196[32m SUCCESS[39m (0 secs / 3.236 secs)
[1A[2KChrome 147.0.0.0 (Windows 10): Executed 149 of 196[32m SUCCESS[39m (0 secs / 3.237 secs)
[1A[2KChrome 147.0.0.0 (Windows 10): Executed 150 of 196[32m SUCCESS[39m (0 secs / 3.239 secs)
[1A[2KChrome 147.0.0.0 (Windows 10): Executed 151 of 196[32m SUCCESS[39m (0 secs / 3.24 secs)
[1A[2KChrome 147.0.0.0 (Windows 10): Executed 152 of 196[32m SUCCESS[39m (0 secs / 3.242 secs)
[1A[2KChrome 147.0.0.0 (Windows 10): Executed 153 of 196[32m SUCCESS[39m (0 secs / 3.243 secs)
[1A[2KChrome 147.0.0.0 (Windows 10): Executed 154 of 196[32m SUCCESS[39m (0 secs / 3.244 secs)
[1A[2KChrome 147.0.0.0 (Windows 10): Executed 155 of 196[32m SUCCESS[39m (0 secs / 3.275 secs)
[1A[2KChrome 147.0.0.0 (Windows 10): Executed 156 of 196[32m SUCCESS[39m (0 secs / 3.301 secs)
[1A[2KChrome 147.0.0.0 (Windows 10): Executed 157 of 196[32m SUCCESS[39m (0 secs / 3.335 secs)
[1A[2KChrome 147.0.0.0 (Windows 10): Executed 158 of 196[32m SUCCESS[39m (0 secs / 3.363 secs)
[1A[2KChrome 147.0.0.0 (Windows 10): Executed 159 of 196[32m SUCCESS[39m (0 secs / 3.388 secs)
[1A[2KChrome 147.0.0.0 (Windows 10): Executed 160 of 196[32m SUCCESS[39m (0 secs / 3.413 secs)
[1A[2KChrome 147.0.0.0 (Windows 10): Executed 161 of 196[32m SUCCESS[39m (0 secs / 3.442 secs)
[1A[2KChrome 147.0.0.0 (Windows 10): Executed 162 of 196[32m SUCCESS[39m (0 secs / 3.474 secs)
[1A[2KChrome 147.0.0.0 (Windows 10): Executed 163 of 196[32m SUCCESS[39m (0 secs / 3.524 secs)
[1A[2KChrome 147.0.0.0 (Windows 10): Executed 164 of 196[32m SUCCESS[39m (0 secs / 3.555 secs)
[1A[2KChrome 147.0.0.0 (Windows 10): Executed 165 of 196[32m SUCCESS[39m (0 secs / 3.58 secs)
[1A[2KChrome 147.0.0.0 (Windows 10): Executed 166 of 196[32m SUCCESS[39m (0 secs / 3.612 secs)
[1A[2KChrome 147.0.0.0 (Windows 10): Executed 167 of 196[32m SUCCESS[39m (0 secs / 3.62 secs)
[1A[2KChrome 147.0.0.0 (Windows 10): Executed 168 of 196[32m SUCCESS[39m (0 secs / 3.627 secs)
[1A[2KChrome 147.0.0.0 (Windows 10): Executed 169 of 196[32m SUCCESS[39m (0 secs / 3.628 secs)
[1A[2KChrome 147.0.0.0 (Windows 10): Executed 170 of 196[32m SUCCESS[39m (0 secs / 3.628 secs)
[1A[2KChrome 147.0.0.0 (Windows 10): Executed 171 of 196[32m SUCCESS[39m (0 secs / 3.63 secs)
[1A[2KChrome 147.0.0.0 (Windows 10): Executed 172 of 196[32m SUCCESS[39m (0 secs / 3.631 secs)
[1A[2KChrome 147.0.0.0 (Windows 10): Executed 173 of 196[32m SUCCESS[39m (0 secs / 3.633 secs)
[1A[2KChrome 147.0.0.0 (Windows 10): Executed 174 of 196[32m SUCCESS[39m (0 secs / 3.633 secs)
[1A[2KChrome 147.0.0.0 (Windows 10): Executed 175 of 196[32m SUCCESS[39m (0 secs / 3.633 secs)
[1A[2KChrome 147.0.0.0 (Windows 10): Executed 176 of 196[32m SUCCESS[39m (0 secs / 3.633 secs)
[1A[2KChrome 147.0.0.0 (Windows 10): Executed 177 of 196[32m SUCCESS[39m (0 secs / 3.633 secs)
[1A[2KChrome 147.0.0.0 (Windows 10): Executed 178 of 196[32m SUCCESS[39m (0 secs / 3.633 secs)
[1A[2KChrome 147.0.0.0 (Windows 10): Executed 179 of 196[32m SUCCESS[39m (0 secs / 3.634 secs)
[1A[2KChrome 147.0.0.0 (Windows 10): Executed 180 of 196[32m SUCCESS[39m (0 secs / 3.635 secs)
[1A[2KChrome 147.0.0.0 (Windows 10): Executed 181 of 196[32m SUCCESS[39m (0 secs / 3.635 secs)
[1A[2KChrome 147.0.0.0 (Windows 10): Executed 182 of 196[32m SUCCESS[39m (0 secs / 3.637 secs)
[1A[2KChrome 147.0.0.0 (Windows 10): Executed 183 of 196[32m SUCCESS[39m (0 secs / 3.638 secs)
[1A[2KChrome 147.0.0.0 (Windows 10): Executed 184 of 196[32m SUCCESS[39m (0 secs / 3.64 secs)
[1A[2KChrome 147.0.0.0 (Windows 10): Executed 185 of 196[32m SUCCESS[39m (0 secs / 3.641 secs)
[1A[2KChrome 147.0.0.0 (Windows 10): Executed 186 of 196[32m SUCCESS[39m (0 secs / 3.643 secs)
[1A[2KChrome 147.0.0.0 (Windows 10): Executed 187 of 196[32m SUCCESS[39m (0 secs / 3.688 secs)
[1A[2KChrome 147.0.0.0 (Windows 10): Executed 188 of 196[32m SUCCESS[39m (0 secs / 3.714 secs)
[1A[2KChrome 147.0.0.0 (Windows 10): Executed 189 of 196[32m SUCCESS[39m (0 secs / 3.742 secs)
[1A[2KChrome 147.0.0.0 (Windows 10): Executed 190 of 196[32m SUCCESS[39m (0 secs / 3.774 secs)
[1A[2KChrome 147.0.0.0 (Windows 10): Executed 191 of 196[32m SUCCESS[39m (0 secs / 3.811 secs)
[1A[2KChrome 147.0.0.0 (Windows 10): Executed 192 of 196[32m SUCCESS[39m (0 secs / 3.815 secs)
[1A[2KChrome 147.0.0.0 (Windows 10): Executed 193 of 196[32m SUCCESS[39m (0 secs / 3.838 secs)
[1A[2KChrome 147.0.0.0 (Windows 10): Executed 194 of 196[32m SUCCESS[39m (0 secs / 3.861 secs)
[1A[2KChrome 147.0.0.0 (Windows 10): Executed 195 of 196[32m SUCCESS[39m (0 secs / 3.875 secs)
[1A[2KChrome 147.0.0.0 (Windows 10): Executed 196 of 196[32m SUCCESS[39m (0 secs / 3.893 secs)
[1A[2KChrome 147.0.0.0 (Windows 10): Executed 196 of 196[32m SUCCESS[39m (4.08 secs / 3.893 secs)
[32mTOTAL: 196 SUCCESS[39m
ÔêÜ Browser application bundle generation complete.
[1m[31m
Error: [96msrc/app/core/services/simulados.service.spec.ts[0m:[93m79[0m:[93m27[0m - [91merror[0m[90m TS2345: 
[0mArgument of type '{ id: string; }' is not assignable to parameter of type 'Expected<Simulado>'.
  Type '{ id: string; }' is missing the following properties from type '{ id: ExpectedRecursive<string>; nome: 
ExpectedRecursive<string>; dataRealizacao: ExpectedRecursive<string>; instituicao?: ExpectedRecursive<...>; ... 15 
more ...; prevErros: ExpectedRecursive<...>; }': nome, dataRealizacao, cmTotal, cmAcertos, and 13 more.

[7m79[0m       expect(res).toEqual(mockResponse);
[7m  [0m [91m                          ~~~~~~~~~~~~[0m


[39m[22m
ÔêÜ Browser application bundle generation complete.
[1m[31m
Error: [96msrc/app/core/services/flashcard.service.spec.ts[0m:[93m35[0m:[93m27[0m - [91merror[0m[90m TS2345: 
[0mArgument of type '{ id: string; }' is not assignable to parameter of type 'Expected<Flashcard>'.
  Type '{ id: string; }' is missing the following properties from type '{ id: ExpectedRecursive<string>; grandeArea: 
ExpectedRecursive<string>; frente: any; verso: any; proximaRevisao: ExpectedRecursive<string>; dificuldadeUltima: 
ExpectedRecursive<...>; intervaloAtual: ExpectedRecursive<...>; }': grandeArea, frente, verso, proximaRevisao, and 2 
more.

[7m35[0m       expect(res).toEqual(mockResponse);
[7m  [0m [91m                          ~~~~~~~~~~~~[0m


Error: [96msrc/app/core/services/simulados.service.spec.ts[0m:[93m79[0m:[93m27[0m - [91merror[0m[90m TS2345: 
[0mArgument of type '{ id: string; }' is not assignable to parameter of type 'Expected<Simulado>'.
  Type '{ id: string; }' is missing the following properties from type '{ id: ExpectedRecursive<string>; nome: 
ExpectedRecursive<string>; dataRealizacao: ExpectedRecursive<string>; instituicao?: ExpectedRecursive<...>; ... 15 
more ...; prevErros: ExpectedRecursive<...>; }': nome, dataRealizacao, cmTotal, cmAcertos, and 13 more.

[7m79[0m       expect(res).toEqual(mockResponse);
[7m  [0m [91m                          ~~~~~~~~~~~~[0m


[39m[22m
ÔêÜ Browser application bundle generation complete.
[1m[31m
Error: [96msrc/app/core/services/flashcard.service.spec.ts[0m:[93m35[0m:[93m27[0m - [91merror[0m[90m TS2345: 
[0mArgument of type '{ id: string; }' is not assignable to parameter of type 'Expected<Flashcard>'.
  Type '{ id: string; }' is missing the following properties from type '{ id: ExpectedRecursive<string>; grandeArea: 
ExpectedRecursive<string>; frente: any; verso: any; proximaRevisao: ExpectedRecursive<string>; dificuldadeUltima: 
ExpectedRecursive<...>; intervaloAtual: ExpectedRecursive<...>; }': grandeArea, frente, verso, proximaRevisao, and 2 
more.

[7m35[0m       expect(res).toEqual(mockResponse);
[7m  [0m [91m                          ~~~~~~~~~~~~[0m


[39m[22m
ÔêÜ Browser application bundle generation complete.
Chrome 147.0.0.0 (Windows 10): Executed 0 of 196[32m SUCCESS[39m (0 secs / 0 secs)
[1A[2KChrome 147.0.0.0 (Windows 10): Executed 1 of 196[32m SUCCESS[39m (0 secs / 0.103 secs)
[1A[2KChrome 147.0.0.0 (Windows 10): Executed 2 of 196[32m SUCCESS[39m (0 secs / 0.119 secs)
[1A[2KChrome 147.0.0.0 (Windows 10): Executed 3 of 196[32m SUCCESS[39m (0 secs / 0.437 secs)
[1A[2KChrome 147.0.0.0 (Windows 10): Executed 4 of 196[32m SUCCESS[39m (0 secs / 0.525 secs)
[1A[2KChrome 147.0.0.0 (Windows 10): Executed 5 of 196[32m SUCCESS[39m (0 secs / 0.626 secs)
[1A[2KChrome 147.0.0.0 (Windows 10): Executed 6 of 196[32m SUCCESS[39m (0 secs / 0.746 secs)
[1A[2KChrome 147.0.0.0 (Windows 10): Executed 7 of 196[32m SUCCESS[39m (0 secs / 0.832 secs)
[1A[2KChrome 147.0.0.0 (Windows 10): Executed 8 of 196[32m SUCCESS[39m (0 secs / 0.899 secs)
[1A[2KChrome 147.0.0.0 (Windows 10): Executed 9 of 196[32m SUCCESS[39m (0 secs / 0.904 secs)
[1A[2KChrome 147.0.0.0 (Windows 10): Executed 10 of 196[32m SUCCESS[39m (0 secs / 0.911 secs)
[1A[2KChrome 147.0.0.0 (Windows 10): Executed 11 of 196[32m SUCCESS[39m (0 secs / 1.033 secs)
[1A[2KChrome 147.0.0.0 (Windows 10): Executed 12 of 196[32m SUCCESS[39m (0 secs / 1.097 secs)
[1A[2KChrome 147.0.0.0 (Windows 10): Executed 13 of 196[32m SUCCESS[39m (0 secs / 1.162 secs)
[1A[2KWARN: [36m'Spec 'BancoService should get sessions with individual filters' has no expectations.'[39m
Chrome 147.0.0.0 (Windows 10): Executed 13 of 196[32m SUCCESS[39m (0 secs / 1.162 secs)
WARN: 'Spec 'BancoService should get sessions with individual filters' has no expectations.'
[1A[2KChrome 147.0.0.0 (Windows 10): Executed 14 of 196[32m SUCCESS[39m (0 secs / 1.176 secs)
[1A[2KWARN: [36m'Spec 'BancoService should get sessions with all filters' has no expectations.'[39m
Chrome 147.0.0.0 (Windows 10): Executed 14 of 196[32m SUCCESS[39m (0 secs / 1.176 secs)
WARN: 'Spec 'BancoService should get sessions with all filters' has no expectations.'
[1A[2KChrome 147.0.0.0 (Windows 10): Executed 15 of 196[32m SUCCESS[39m (0 secs / 1.179 secs)
[1A[2KChrome 147.0.0.0 (Windows 10): Executed 16 of 196[32m SUCCESS[39m (0 secs / 1.182 secs)
[1A[2KChrome 147.0.0.0 (Windows 10): Executed 17 of 196[32m SUCCESS[39m (0 secs / 1.193 secs)
[1A[2KChrome 147.0.0.0 (Windows 10): Executed 18 of 196[32m SUCCESS[39m (0 secs / 1.196 secs)
[1A[2KChrome 147.0.0.0 (Windows 10): Executed 19 of 196[32m SUCCESS[39m (0 secs / 1.196 secs)
[1A[2KChrome 147.0.0.0 (Windows 10): Executed 20 of 196[32m SUCCESS[39m (0 secs / 1.196 secs)
[1A[2KChrome 147.0.0.0 (Windows 10): Executed 21 of 196[32m SUCCESS[39m (0 secs / 1.198 secs)
[1A[2KChrome 147.0.0.0 (Windows 10): Executed 22 of 196[32m SUCCESS[39m (0 secs / 1.202 secs)
[1A[2KChrome 147.0.0.0 (Windows 10): Executed 23 of 196[32m SUCCESS[39m (0 secs / 1.205 secs)
[1A[2KChrome 147.0.0.0 (Windows 10): Executed 24 of 196[32m SUCCESS[39m (0 secs / 1.214 secs)
[1A[2KChrome 147.0.0.0 (Windows 10): Executed 25 of 196[32m SUCCESS[39m (0 secs / 1.216 secs)
[1A[2KChrome 147.0.0.0 (Windows 10): Executed 26 of 196[32m SUCCESS[39m (0 secs / 1.221 secs)
[1A[2KChrome 147.0.0.0 (Windows 10): Executed 27 of 196[32m SUCCESS[39m (0 secs / 1.224 secs)
[1A[2KChrome 147.0.0.0 (Windows 10): Executed 28 of 196[32m SUCCESS[39m (0 secs / 1.227 secs)
[1A[2KChrome 147.0.0.0 (Windows 10): Executed 29 of 196[32m SUCCESS[39m (0 secs / 1.237 secs)
[1A[2KChrome 147.0.0.0 (Windows 10): Executed 30 of 196[32m SUCCESS[39m (0 secs / 1.24 secs)
[1A[2KChrome 147.0.0.0 (Windows 10): Executed 31 of 196[32m SUCCESS[39m (0 secs / 1.242 secs)
[1A[2KChrome 147.0.0.0 (Windows 10): Executed 32 of 196[32m SUCCESS[39m (0 secs / 1.244 secs)
[1A[2KChrome 147.0.0.0 (Windows 10): Executed 33 of 196[32m SUCCESS[39m (0 secs / 1.253 secs)
[1A[2KChrome 147.0.0.0 (Windows 10): Executed 34 of 196[32m SUCCESS[39m (0 secs / 1.255 secs)
[1A[2KChrome 147.0.0.0 (Windows 10): Executed 35 of 196[32m SUCCESS[39m (0 secs / 1.257 secs)
[1A[2KChrome 147.0.0.0 (Windows 10): Executed 36 of 196[32m SUCCESS[39m (0 secs / 1.266 secs)
[1A[2KChrome 147.0.0.0 (Windows 10): Executed 37 of 196[32m SUCCESS[39m (0 secs / 1.269 secs)
[1A[2KChrome 147.0.0.0 (Windows 10): Executed 38 of 196[32m SUCCESS[39m (0 secs / 1.274 secs)
[1A[2KChrome 147.0.0.0 (Windows 10): Executed 39 of 196[32m SUCCESS[39m (0 secs / 1.283 secs)
[1A[2KChrome 147.0.0.0 (Windows 10): Executed 40 of 196[32m SUCCESS[39m (0 secs / 1.299 secs)
[1A[2KChrome 147.0.0.0 (Windows 10): Executed 41 of 196[32m SUCCESS[39m (0 secs / 1.304 secs)
[1A[2KChrome 147.0.0.0 (Windows 10): Executed 42 of 196[32m SUCCESS[39m (0 secs / 1.305 secs)
[1A[2KChrome 147.0.0.0 (Windows 10): Executed 43 of 196[32m SUCCESS[39m (0 secs / 1.315 secs)
[1A[2KChrome 147.0.0.0 (Windows 10): Executed 44 of 196[32m SUCCESS[39m (0 secs / 1.316 secs)
[1A[2KChrome 147.0.0.0 (Windows 10): Executed 45 of 196[32m SUCCESS[39m (0 secs / 1.316 secs)
[1A[2KChrome 147.0.0.0 (Windows 10): Executed 46 of 196[32m SUCCESS[39m (0 secs / 1.316 secs)
[1A[2KChrome 147.0.0.0 (Windows 10): Executed 47 of 196[32m SUCCESS[39m (0 secs / 1.317 secs)
[1A[2KChrome 147.0.0.0 (Windows 10): Executed 48 of 196[32m SUCCESS[39m (0 secs / 1.317 secs)
[1A[2KChrome 147.0.0.0 (Windows 10): Executed 49 of 196[32m SUCCESS[39m (0 secs / 1.317 secs)
[1A[2KChrome 147.0.0.0 (Windows 10): Executed 50 of 196[32m SUCCESS[39m (0 secs / 1.317 secs)
[1A[2KChrome 147.0.0.0 (Windows 10): Executed 51 of 196[32m SUCCESS[39m (0 secs / 1.318 secs)
[1A[2KChrome 147.0.0.0 (Windows 10): Executed 52 of 196[32m SUCCESS[39m (0 secs / 1.436 secs)
[1A[2KChrome 147.0.0.0 (Windows 10): Executed 53 of 196[32m SUCCESS[39m (0 secs / 1.503 secs)
[1A[2KChrome 147.0.0.0 (Windows 10): Executed 54 of 196[32m SUCCESS[39m (0 secs / 1.572 secs)
[1A[2KChrome 147.0.0.0 (Windows 10): Executed 55 of 196[32m SUCCESS[39m (0 secs / 1.574 secs)
[1A[2KChrome 147.0.0.0 (Windows 10): Executed 56 of 196[32m SUCCESS[39m (0 secs / 1.575 secs)
[1A[2KChrome 147.0.0.0 (Windows 10): Executed 57 of 196[32m SUCCESS[39m (0 secs / 1.668 secs)
[1A[2KChrome 147.0.0.0 (Windows 10): Executed 58 of 196[32m SUCCESS[39m (0 secs / 1.725 secs)
[1A[2KChrome 147.0.0.0 (Windows 10): Executed 59 of 196[32m SUCCESS[39m (0 secs / 1.779 secs)
[1A[2KChrome 147.0.0.0 (Windows 10): Executed 60 of 196[32m SUCCESS[39m (0 secs / 1.795 secs)
[1A[2KChrome 147.0.0.0 (Windows 10): Executed 61 of 196[32m SUCCESS[39m (0 secs / 1.805 secs)
[1A[2KChrome 147.0.0.0 (Windows 10): Executed 62 of 196[32m SUCCESS[39m (0 secs / 1.807 secs)
[1A[2KChrome 147.0.0.0 (Windows 10): Executed 63 of 196[32m SUCCESS[39m (0 secs / 1.811 secs)
[1A[2KChrome 147.0.0.0 (Windows 10): Executed 64 of 196[32m SUCCESS[39m (0 secs / 1.813 secs)
[1A[2KChrome 147.0.0.0 (Windows 10): Executed 65 of 196[32m SUCCESS[39m (0 secs / 1.814 secs)
[1A[2KChrome 147.0.0.0 (Windows 10): Executed 66 of 196[32m SUCCESS[39m (0 secs / 1.825 secs)
[1A[2KChrome 147.0.0.0 (Windows 10): Executed 67 of 196[32m SUCCESS[39m (0 secs / 1.826 secs)
[1A[2KChrome 147.0.0.0 (Windows 10): Executed 68 of 196[32m SUCCESS[39m (0 secs / 1.834 secs)
[1A[2KChrome 147.0.0.0 (Windows 10): Executed 69 of 196[32m SUCCESS[39m (0 secs / 1.837 secs)
[1A[2KChrome 147.0.0.0 (Windows 10): Executed 70 of 196[32m SUCCESS[39m (0 secs / 1.839 secs)
[1A[2KChrome 147.0.0.0 (Windows 10): Executed 71 of 196[32m SUCCESS[39m (0 secs / 2.096 secs)
[1A[2KChrome 147.0.0.0 (Windows 10): Executed 72 of 196[32m SUCCESS[39m (0 secs / 2.291 secs)
[1A[2KChrome 147.0.0.0 (Windows 10): Executed 73 of 196[32m SUCCESS[39m (0 secs / 2.31 secs)
[1A[2KChrome 147.0.0.0 (Windows 10): Executed 74 of 196[32m SUCCESS[39m (0 secs / 2.339 secs)
[1A[2KChrome 147.0.0.0 (Windows 10): Executed 75 of 196[32m SUCCESS[39m (0 secs / 2.346 secs)
[1A[2KChrome 147.0.0.0 (Windows 10): Executed 76 of 196[32m SUCCESS[39m (0 secs / 2.348 secs)
[1A[2KChrome 147.0.0.0 (Windows 10): Executed 77 of 196[32m SUCCESS[39m (0 secs / 2.51 secs)
[1A[2KChrome 147.0.0.0 (Windows 10): Executed 78 of 196[32m SUCCESS[39m (0 secs / 2.57 secs)
[1A[2KChrome 147.0.0.0 (Windows 10): Executed 79 of 196[32m SUCCESS[39m (0 secs / 2.606 secs)
[1A[2KChrome 147.0.0.0 (Windows 10): Executed 80 of 196[32m SUCCESS[39m (0 secs / 2.66 secs)
[1A[2KChrome 147.0.0.0 (Windows 10): Executed 81 of 196[32m SUCCESS[39m (0 secs / 2.713 secs)
[1A[2KChrome 147.0.0.0 (Windows 10): Executed 82 of 196[32m SUCCESS[39m (0 secs / 2.755 secs)
[1A[2KChrome 147.0.0.0 (Windows 10): Executed 83 of 196[32m SUCCESS[39m (0 secs / 2.96 secs)
[1A[2KChrome 147.0.0.0 (Windows 10): Executed 84 of 196[32m SUCCESS[39m (0 secs / 3.188 secs)
[1A[2KChrome 147.0.0.0 (Windows 10): Executed 85 of 196[32m SUCCESS[39m (0 secs / 3.405 secs)
[1A[2KChrome 147.0.0.0 (Windows 10): Executed 86 of 196[32m SUCCESS[39m (0 secs / 3.623 secs)
[1A[2KChrome 147.0.0.0 (Windows 10): Executed 87 of 196[32m SUCCESS[39m (0 secs / 3.627 secs)
[1A[2KChrome 147.0.0.0 (Windows 10): Executed 88 of 196[32m SUCCESS[39m (0 secs / 3.629 secs)
[1A[2KChrome 147.0.0.0 (Windows 10): Executed 89 of 196[32m SUCCESS[39m (0 secs / 3.636 secs)
[1A[2KChrome 147.0.0.0 (Windows 10): Executed 90 of 196[32m SUCCESS[39m (0 secs / 3.639 secs)
[1A[2KChrome 147.0.0.0 (Windows 10): Executed 91 of 196[32m SUCCESS[39m (0 secs / 3.641 secs)
[1A[2KChrome 147.0.0.0 (Windows 10): Executed 92 of 196[32m SUCCESS[39m (0 secs / 3.65 secs)
[1A[2KChrome 147.0.0.0 (Windows 10): Executed 93 of 196[32m SUCCESS[39m (0 secs / 3.652 secs)
[1A[2KChrome 147.0.0.0 (Windows 10): Executed 94 of 196[32m SUCCESS[39m (0 secs / 3.662 secs)
[1A[2KChrome 147.0.0.0 (Windows 10): Executed 95 of 196[32m SUCCESS[39m (0 secs / 3.733 secs)
[1A[2KChrome 147.0.0.0 (Windows 10): Executed 96 of 196[32m SUCCESS[39m (0 secs / 3.782 secs)
[1A[2KChrome 147.0.0.0 (Windows 10): Executed 97 of 196[32m SUCCESS[39m (0 secs / 3.818 secs)
[1A[2KChrome 147.0.0.0 (Windows 10): Executed 98 of 196[32m SUCCESS[39m (0 secs / 3.978 secs)
[1A[2KChrome 147.0.0.0 (Windows 10): Executed 99 of 196[32m SUCCESS[39m (0 secs / 3.979 secs)
[1A[2KChrome 147.0.0.0 (Windows 10): Executed 100 of 196[32m SUCCESS[39m (0 secs / 3.979 secs)
[1A[2KChrome 147.0.0.0 (Windows 10): Executed 101 of 196[32m SUCCESS[39m (0 secs / 3.98 secs)
[1A[2KChrome 147.0.0.0 (Windows 10): Executed 102 of 196[32m SUCCESS[39m (0 secs / 3.98 secs)
[1A[2KChrome 147.0.0.0 (Windows 10): Executed 103 of 196[32m SUCCESS[39m (0 secs / 3.981 secs)
[1A[2KChrome 147.0.0.0 (Windows 10): Executed 104 of 196[32m SUCCESS[39m (0 secs / 3.981 secs)
[1A[2KChrome 147.0.0.0 (Windows 10): Executed 105 of 196[32m SUCCESS[39m (0 secs / 3.981 secs)
[1A[2KChrome 147.0.0.0 (Windows 10): Executed 106 of 196[32m SUCCESS[39m (0 secs / 3.981 secs)
[1A[2KChrome 147.0.0.0 (Windows 10): Executed 107 of 196[32m SUCCESS[39m (0 secs / 3.981 secs)
[1A[2KChrome 147.0.0.0 (Windows 10): Executed 108 of 196[32m SUCCESS[39m (0 secs / 3.982 secs)
[1A[2KChrome 147.0.0.0 (Windows 10): Executed 109 of 196[32m SUCCESS[39m (0 secs / 4.038 secs)
[1A[2KChrome 147.0.0.0 (Windows 10): Executed 110 of 196[32m SUCCESS[39m (0 secs / 4.085 secs)
[1A[2KChrome 147.0.0.0 (Windows 10): Executed 111 of 196[32m SUCCESS[39m (0 secs / 4.109 secs)
[1A[2KChrome 147.0.0.0 (Windows 10): Executed 112 of 196[32m SUCCESS[39m (0 secs / 4.139 secs)
[1A[2KChrome 147.0.0.0 (Windows 10): Executed 113 of 196[32m SUCCESS[39m (0 secs / 4.164 secs)
[1A[2KChrome 147.0.0.0 (Windows 10): Executed 114 of 196[32m SUCCESS[39m (0 secs / 4.164 secs)
[1A[2KChrome 147.0.0.0 (Windows 10): Executed 115 of 196[32m SUCCESS[39m (0 secs / 4.164 secs)
[1A[2KChrome 147.0.0.0 (Windows 10): Executed 116 of 196[32m SUCCESS[39m (0 secs / 4.165 secs)
[1A[2KChrome 147.0.0.0 (Windows 10): Executed 117 of 196[32m SUCCESS[39m (0 secs / 4.165 secs)
[1A[2KChrome 147.0.0.0 (Windows 10): Executed 118 of 196[32m SUCCESS[39m (0 secs / 4.165 secs)
[1A[2KChrome 147.0.0.0 (Windows 10): Executed 119 of 196[32m SUCCESS[39m (0 secs / 4.166 secs)
[1A[2KChrome 147.0.0.0 (Windows 10): Executed 120 of 196[32m SUCCESS[39m (0 secs / 4.166 secs)
[1A[2KChrome 147.0.0.0 (Windows 10): Executed 121 of 196[32m SUCCESS[39m (0 secs / 4.167 secs)
[1A[2KChrome 147.0.0.0 (Windows 10): Executed 122 of 196[32m SUCCESS[39m (0 secs / 4.168 secs)
[1A[2KChrome 147.0.0.0 (Windows 10): Executed 123 of 196[32m SUCCESS[39m (0 secs / 4.176 secs)
[1A[2KChrome 147.0.0.0 (Windows 10): Executed 124 of 196[32m SUCCESS[39m (0 secs / 4.178 secs)
[1A[2KChrome 147.0.0.0 (Windows 10): Executed 125 of 196[32m SUCCESS[39m (0 secs / 4.18 secs)
[1A[2KChrome 147.0.0.0 (Windows 10): Executed 126 of 196[32m SUCCESS[39m (0 secs / 4.185 secs)
[1A[2KChrome 147.0.0.0 (Windows 10): Executed 127 of 196[32m SUCCESS[39m (0 secs / 4.187 secs)
[1A[2KChrome 147.0.0.0 (Windows 10): Executed 128 of 196[32m SUCCESS[39m (0 secs / 4.253 secs)
[1A[2KChrome 147.0.0.0 (Windows 10): Executed 129 of 196[32m SUCCESS[39m (0 secs / 4.31 secs)
[1A[2KChrome 147.0.0.0 (Windows 10): Executed 130 of 196[32m SUCCESS[39m (0 secs / 4.363 secs)
[1A[2KChrome 147.0.0.0 (Windows 10): Executed 131 of 196[32m SUCCESS[39m (0 secs / 4.394 secs)
[1A[2KChrome 147.0.0.0 (Windows 10): Executed 132 of 196[32m SUCCESS[39m (0 secs / 4.398 secs)
[1A[2KChrome 147.0.0.0 (Windows 10): Executed 133 of 196[32m SUCCESS[39m (0 secs / 4.407 secs)
[1A[2KChrome 147.0.0.0 (Windows 10): Executed 134 of 196[32m SUCCESS[39m (0 secs / 4.41 secs)
[1A[2KChrome 147.0.0.0 (Windows 10): Executed 135 of 196[32m SUCCESS[39m (0 secs / 4.418 secs)
[1A[2KChrome 147.0.0.0 (Windows 10): Executed 136 of 196[32m SUCCESS[39m (0 secs / 4.423 secs)
[1A[2KChrome 147.0.0.0 (Windows 10): Executed 137 of 196[32m SUCCESS[39m (0 secs / 4.425 secs)
[1A[2KChrome 147.0.0.0 (Windows 10): Executed 138 of 196[32m SUCCESS[39m (0 secs / 4.435 secs)
[1A[2KChrome 147.0.0.0 (Windows 10): Executed 139 of 196[32m SUCCESS[39m (0 secs / 4.437 secs)
[1A[2KChrome 147.0.0.0 (Windows 10): Executed 140 of 196[32m SUCCESS[39m (0 secs / 4.512 secs)
[1A[2KChrome 147.0.0.0 (Windows 10): Executed 141 of 196[32m SUCCESS[39m (0 secs / 4.56 secs)
[1A[2KChrome 147.0.0.0 (Windows 10): Executed 142 of 196[32m SUCCESS[39m (0 secs / 4.62 secs)
[1A[2KChrome 147.0.0.0 (Windows 10): Executed 143 of 196[32m SUCCESS[39m (0 secs / 4.622 secs)
[1A[2KChrome 147.0.0.0 (Windows 10): Executed 144 of 196[32m SUCCESS[39m (0 secs / 4.622 secs)
[1A[2KChrome 147.0.0.0 (Windows 10): Executed 145 of 196[32m SUCCESS[39m (0 secs / 4.623 secs)
[1A[2KChrome 147.0.0.0 (Windows 10): Executed 146 of 196[32m SUCCESS[39m (0 secs / 4.626 secs)
[1A[2KChrome 147.0.0.0 (Windows 10): Executed 147 of 196[32m SUCCESS[39m (0 secs / 4.629 secs)
[1A[2KChrome 147.0.0.0 (Windows 10): Executed 148 of 196[32m SUCCESS[39m (0 secs / 4.631 secs)
[1A[2KChrome 147.0.0.0 (Windows 10): Executed 149 of 196[32m SUCCESS[39m (0 secs / 4.633 secs)
[1A[2KChrome 147.0.0.0 (Windows 10): Executed 150 of 196[32m SUCCESS[39m (0 secs / 4.635 secs)
[1A[2KChrome 147.0.0.0 (Windows 10): Executed 151 of 196[32m SUCCESS[39m (0 secs / 4.637 secs)
[1A[2KChrome 147.0.0.0 (Windows 10): Executed 152 of 196[32m SUCCESS[39m (0 secs / 4.641 secs)
[1A[2KChrome 147.0.0.0 (Windows 10): Executed 153 of 196[32m SUCCESS[39m (0 secs / 4.672 secs)
[1A[2KChrome 147.0.0.0 (Windows 10): Executed 154 of 196[32m SUCCESS[39m (0 secs / 4.7 secs)
[1A[2KChrome 147.0.0.0 (Windows 10): Executed 155 of 196[32m SUCCESS[39m (0 secs / 4.724 secs)
[1A[2KChrome 147.0.0.0 (Windows 10): Executed 156 of 196[32m SUCCESS[39m (0 secs / 4.724 secs)
[1A[2KChrome 147.0.0.0 (Windows 10): Executed 157 of 196[32m SUCCESS[39m (0 secs / 4.725 secs)
[1A[2KChrome 147.0.0.0 (Windows 10): Executed 158 of 196[32m SUCCESS[39m (0 secs / 4.729 secs)
[1A[2KChrome 147.0.0.0 (Windows 10): Executed 159 of 196[32m SUCCESS[39m (0 secs / 4.731 secs)
[1A[2KChrome 147.0.0.0 (Windows 10): Executed 160 of 196[32m SUCCESS[39m (0 secs / 4.732 secs)
[1A[2KChrome 147.0.0.0 (Windows 10): Executed 161 of 196[32m SUCCESS[39m (0 secs / 4.735 secs)
[1A[2KChrome 147.0.0.0 (Windows 10): Executed 162 of 196[32m SUCCESS[39m (0 secs / 4.829 secs)
[1A[2KChrome 147.0.0.0 (Windows 10): Executed 163 of 196[32m SUCCESS[39m (0 secs / 4.879 secs)
[1A[2KChrome 147.0.0.0 (Windows 10): Executed 164 of 196[32m SUCCESS[39m (0 secs / 4.944 secs)
[1A[2KChrome 147.0.0.0 (Windows 10): Executed 165 of 196[32m SUCCESS[39m (0 secs / 5.009 secs)
[1A[2KChrome 147.0.0.0 (Windows 10): Executed 166 of 196[32m SUCCESS[39m (0 secs / 5.067 secs)
[1A[2KChrome 147.0.0.0 (Windows 10): Executed 167 of 196[32m SUCCESS[39m (0 secs / 5.26 secs)
[1A[2KChrome 147.0.0.0 (Windows 10): Executed 168 of 196[32m SUCCESS[39m (0 secs / 5.415 secs)
[1A[2KWARN: [36m'Forgot to flush TestBed? MockRender cannot be used without a reset after TestBed.get / TestBed.inject / TestBed.createComponent and another MockRender in the same test. If you want to mock a service before rendering, consider usage of MockRenderFactory or MockInstance. To flush TestBed, add a call of ngMocks.flushTestBed() before the call of MockRender, or pass `reset: true` to MockRender options.'[39m
Chrome 147.0.0.0 (Windows 10): Executed 168 of 196[32m SUCCESS[39m (0 secs / 5.415 secs)
WARN: 'Forgot to flush TestBed? MockRender cannot be used without a reset after TestBed.get / TestBed.inject / TestBed.createComponent and another MockRender in the same test. If you want to mock a service before rendering, consider usage of MockRenderFactory or MockInstance. To flush TestBed, add a call of ngMocks.flushTestBed() before the call of MockRender, or pass `reset: true` to MockRender options.'
[1A[2KChrome 147.0.0.0 (Windows 10): Executed 169 of 196[32m SUCCESS[39m (0 secs / 5.58 secs)
[1A[2KChrome 147.0.0.0 (Windows 10): Executed 170 of 196[32m SUCCESS[39m (0 secs / 5.733 secs)
[1A[2KWARN: [36m'Forgot to flush TestBed? MockRender cannot be used without a reset after TestBed.get / TestBed.inject / TestBed.createComponent and another MockRender in the same test. If you want to mock a service before rendering, consider usage of MockRenderFactory or MockInstance. To flush TestBed, add a call of ngMocks.flushTestBed() before the call of MockRender, or pass `reset: true` to MockRender options.'[39m
Chrome 147.0.0.0 (Windows 10): Executed 170 of 196[32m SUCCESS[39m (0 secs / 5.733 secs)
WARN: 'Forgot to flush TestBed? MockRender cannot be used without a reset after TestBed.get / TestBed.inject / TestBed.createComponent and another MockRender in the same test. If you want to mock a service before rendering, consider usage of MockRenderFactory or MockInstance. To flush TestBed, add a call of ngMocks.flushTestBed() before the call of MockRender, or pass `reset: true` to MockRender options.'
[1A[2KChrome 147.0.0.0 (Windows 10): Executed 171 of 196[32m SUCCESS[39m (0 secs / 5.89 secs)
[1A[2KChrome 147.0.0.0 (Windows 10): Executed 172 of 196[32m SUCCESS[39m (0 secs / 5.9 secs)
[1A[2KChrome 147.0.0.0 (Windows 10): Executed 173 of 196[32m SUCCESS[39m (0 secs / 5.921 secs)
[1A[2KChrome 147.0.0.0 (Windows 10): Executed 174 of 196[32m SUCCESS[39m (0 secs / 5.939 secs)
[1A[2KChrome 147.0.0.0 (Windows 10): Executed 175 of 196[32m SUCCESS[39m (0 secs / 5.954 secs)
[1A[2KChrome 147.0.0.0 (Windows 10): Executed 176 of 196[32m SUCCESS[39m (0 secs / 6.059 secs)
[1A[2KChrome 147.0.0.0 (Windows 10): Executed 177 of 196[32m SUCCESS[39m (0 secs / 6.112 secs)
[1A[2KChrome 147.0.0.0 (Windows 10): Executed 178 of 196[32m SUCCESS[39m (0 secs / 6.142 secs)
[1A[2KChrome 147.0.0.0 (Windows 10): Executed 179 of 196[32m SUCCESS[39m (0 secs / 6.215 secs)
[1A[2KChrome 147.0.0.0 (Windows 10): Executed 180 of 196[32m SUCCESS[39m (0 secs / 6.215 secs)
[1A[2KChrome 147.0.0.0 (Windows 10): Executed 181 of 196[32m SUCCESS[39m (0 secs / 6.217 secs)
[1A[2KChrome 147.0.0.0 (Windows 10): Executed 182 of 196[32m SUCCESS[39m (0 secs / 6.218 secs)
[1A[2KChrome 147.0.0.0 (Windows 10): Executed 183 of 196[32m SUCCESS[39m (0 secs / 6.219 secs)
[1A[2KChrome 147.0.0.0 (Windows 10): Executed 184 of 196[32m SUCCESS[39m (0 secs / 6.219 secs)
[1A[2KChrome 147.0.0.0 (Windows 10): Executed 185 of 196[32m SUCCESS[39m (0 secs / 6.219 secs)
[1A[2KChrome 147.0.0.0 (Windows 10): Executed 186 of 196[32m SUCCESS[39m (0 secs / 6.219 secs)
[1A[2KChrome 147.0.0.0 (Windows 10): Executed 187 of 196[32m SUCCESS[39m (0 secs / 6.219 secs)
[1A[2KChrome 147.0.0.0 (Windows 10): Executed 188 of 196[32m SUCCESS[39m (0 secs / 6.223 secs)
[1A[2KChrome 147.0.0.0 (Windows 10): Executed 189 of 196[32m SUCCESS[39m (0 secs / 6.232 secs)
[1A[2KChrome 147.0.0.0 (Windows 10): Executed 190 of 196[32m SUCCESS[39m (0 secs / 6.234 secs)
[1A[2KChrome 147.0.0.0 (Windows 10): Executed 191 of 196[32m SUCCESS[39m (0 secs / 6.236 secs)
[1A[2KChrome 147.0.0.0 (Windows 10): Executed 192 of 196[32m SUCCESS[39m (0 secs / 6.244 secs)
[1A[2KChrome 147.0.0.0 (Windows 10): Executed 193 of 196[32m SUCCESS[39m (0 secs / 6.245 secs)
[1A[2KChrome 147.0.0.0 (Windows 10): Executed 194 of 196[32m SUCCESS[39m (0 secs / 6.245 secs)
[1A[2KChrome 147.0.0.0 (Windows 10): Executed 195 of 196[32m SUCCESS[39m (0 secs / 6.245 secs)
[1A[2KChrome 147.0.0.0 (Windows 10): Executed 196 of 196[32m SUCCESS[39m (0 secs / 6.246 secs)
[1A[2KChrome 147.0.0.0 (Windows 10): Executed 196 of 196[32m SUCCESS[39m (6.56 secs / 6.246 secs)
[32mTOTAL: 196 SUCCESS[39m
[1A[2K[31mChrome 147.0.0.0 (Windows 10) ERROR[39m
  Some of your tests did a full page reload!
Chrome 147.0.0.0 (Windows 10): Executed 196 of 196[32m SUCCESS[39m (6.56 secs / 6.246 secs)
Chrome 147.0.0.0 (Windows 10) ERROR
  Some of your tests did a full page reload!
[33m10 05 2026 22:09:26.072:WARN [Chrome 147.0.0.0 (Windows 10)]: [39mDisconnected (0 times) Client disconnected from CONNECTED state (transport close)
[1A[2K[31mChrome 147.0.0.0 (Windows 10) ERROR[39m
  Disconnected Client disconnected from CONNECTED state (transport close)
Chrome 147.0.0.0 (Windows 10): Executed 196 of 196[32m SUCCESS[39m (6.56 secs / 6.246 secs)
Chrome 147.0.0.0 (Windows 10) ERROR
  Disconnected Client disconnected from CONNECTED state (transport close)
[91m10 05 2026 22:09:26.339:ERROR [launcher]: [39mChrome crashed.
	[10148:23548:0510/214029.365:ERROR:google_apis\gcm\engine\registration_request.cc:291] Registration response error message: PHONE_REGISTRATION_ERROR
[10148:23548:0510/214029.374:ERROR:google_apis\gcm\engine\registration_request.cc:291] Registration response error message: PHONE_REGISTRATION_ERROR
[10148:23548:0510/214029.385:ERROR:google_apis\gcm\engine\registration_request.cc:291] Registration response error message: PHONE_REGISTRATION_ERROR
[10148:23548:0510/214029.460:ERROR:google_apis\gcm\engine\mcs_client.cc:700]   Error code: 401  Error message: Authentication Failed: wrong_secret
[10148:23548:0510/214029.460:ERROR:google_apis\gcm\engine\mcs_client.cc:702] Failed to log in to GCM, resetting connection.
Created TensorFlow Lite XNNPACK delegate for CPU.
[10148:23548:0510/214054.459:ERROR:google_apis\gcm\engine\registration_request.cc:291] Registration response error message: DEPRECATED_ENDPOINT
[10148:23548:0510/214136.232:ERROR:google_apis\gcm\engine\registration_request.cc:291] Registration response error message: DEPRECATED_ENDPOINT
[10148:23548:0510/214311.581:ERROR:google_apis\gcm\engine\registration_request.cc:291] Registration response error message: DEPRECATED_ENDPOINT
[10148:23548:0510/214711.258:ERROR:google_apis\gcm\engine\registration_request.cc:291] Registration response error message: DEPRECATED_ENDPOINT
[10148:23548:0510/215502.219:ERROR:google_apis\gcm\engine\registration_request.cc:291] Registration response error message: DEPRECATED_ENDPOINT

[91m10 05 2026 22:09:26.340:ERROR [launcher]: [39mChrome stdout: 
[91m10 05 2026 22:09:26.341:ERROR [launcher]: [39mChrome stderr: [10148:23548:0510/214029.365:ERROR:google_apis\gcm\engine\registration_request.cc:291] Registration response error message: PHONE_REGISTRATION_ERROR
[10148:23548:0510/214029.374:ERROR:google_apis\gcm\engine\registration_request.cc:291] Registration response error message: PHONE_REGISTRATION_ERROR
[10148:23548:0510/214029.385:ERROR:google_apis\gcm\engine\registration_request.cc:291] Registration response error message: PHONE_REGISTRATION_ERROR
[10148:23548:0510/214029.460:ERROR:google_apis\gcm\engine\mcs_client.cc:700]   Error code: 401  Error message: Authentication Failed: wrong_secret
[10148:23548:0510/214029.460:ERROR:google_apis\gcm\engine\mcs_client.cc:702] Failed to log in to GCM, resetting connection.
Created TensorFlow Lite XNNPACK delegate for CPU.
[10148:23548:0510/214054.459:ERROR:google_apis\gcm\engine\registration_request.cc:291] Registration response error message: DEPRECATED_ENDPOINT
[10148:23548:0510/214136.232:ERROR:google_apis\gcm\engine\registration_request.cc:291] Registration response error message: DEPRECATED_ENDPOINT
[10148:23548:0510/214311.581:ERROR:google_apis\gcm\engine\registration_request.cc:291] Registration response error message: DEPRECATED_ENDPOINT
[10148:23548:0510/214711.258:ERROR:google_apis\gcm\engine\registration_request.cc:291] Registration response error message: DEPRECATED_ENDPOINT
[10148:23548:0510/215502.219:ERROR:google_apis\gcm\engine\registration_request.cc:291] Registration response error message: DEPRECATED_ENDPOINT

[32m10 05 2026 22:09:26.507:INFO [launcher]: [39mTrying to start Chrome again (1/2).
[32m10 05 2026 22:09:28.173:INFO [Chrome 147.0.0.0 (Windows 10)]: [39mConnected on socket fuDh7Uy8GtdP8usHAAAD with id 2007828
Chrome 147.0.0.0 (Windows 10): Executed 0 of 196[32m SUCCESS[39m (0 secs / 0 secs)
[1A[2KChrome 147.0.0.0 (Windows 10): Executed 1 of 196[32m SUCCESS[39m (0 secs / 0.048 secs)
[1A[2KChrome 147.0.0.0 (Windows 10): Executed 2 of 196[32m SUCCESS[39m (0 secs / 0.063 secs)
[1A[2KChrome 147.0.0.0 (Windows 10): Executed 3 of 196[32m SUCCESS[39m (0 secs / 0.066 secs)
[1A[2KChrome 147.0.0.0 (Windows 10): Executed 4 of 196[32m SUCCESS[39m (0 secs / 0.07 secs)
[1A[2KChrome 147.0.0.0 (Windows 10): Executed 5 of 196[32m SUCCESS[39m (0 secs / 0.074 secs)
[1A[2KChrome 147.0.0.0 (Windows 10): Executed 6 of 196[32m SUCCESS[39m (0 secs / 0.074 secs)
[1A[2KChrome 147.0.0.0 (Windows 10): Executed 7 of 196[32m SUCCESS[39m (0 secs / 0.074 secs)
[1A[2KChrome 147.0.0.0 (Windows 10): Executed 8 of 196[32m SUCCESS[39m (0 secs / 0.706 secs)
[1A[2KChrome 147.0.0.0 (Windows 10): Executed 9 of 196[32m SUCCESS[39m (0 secs / 0.887 secs)
[1A[2KChrome 147.0.0.0 (Windows 10): Executed 10 of 196[32m SUCCESS[39m (0 secs / 0.889 secs)
[1A[2KChrome 147.0.0.0 (Windows 10): Executed 11 of 196[32m SUCCESS[39m (0 secs / 0.89 secs)
[1A[2KChrome 147.0.0.0 (Windows 10): Executed 12 of 196[32m SUCCESS[39m (0 secs / 0.89 secs)
[1A[2KChrome 147.0.0.0 (Windows 10): Executed 13 of 196[32m SUCCESS[39m (0 secs / 0.89 secs)
[1A[2KChrome 147.0.0.0 (Windows 10): Executed 14 of 196[32m SUCCESS[39m (0 secs / 0.899 secs)
[1A[2KChrome 147.0.0.0 (Windows 10): Executed 15 of 196[32m SUCCESS[39m (0 secs / 0.9 secs)
[1A[2KChrome 147.0.0.0 (Windows 10): Executed 16 of 196[32m SUCCESS[39m (0 secs / 1.044 secs)
[1A[2KChrome 147.0.0.0 (Windows 10): Executed 17 of 196[32m SUCCESS[39m (0 secs / 1.044 secs)
[1A[2KChrome 147.0.0.0 (Windows 10): Executed 18 of 196[32m SUCCESS[39m (0 secs / 1.044 secs)
[1A[2KChrome 147.0.0.0 (Windows 10): Executed 19 of 196[32m SUCCESS[39m (0 secs / 1.045 secs)
[1A[2KChrome 147.0.0.0 (Windows 10): Executed 20 of 196[32m SUCCESS[39m (0 secs / 1.053 secs)
[1A[2KChrome 147.0.0.0 (Windows 10): Executed 21 of 196[32m SUCCESS[39m (0 secs / 1.054 secs)
[1A[2KChrome 147.0.0.0 (Windows 10): Executed 22 of 196[32m SUCCESS[39m (0 secs / 1.055 secs)
[1A[2KChrome 147.0.0.0 (Windows 10): Executed 23 of 196[32m SUCCESS[39m (0 secs / 1.055 secs)
[1A[2KChrome 147.0.0.0 (Windows 10): Executed 24 of 196[32m SUCCESS[39m (0 secs / 1.055 secs)
[1A[2KChrome 147.0.0.0 (Windows 10): Executed 25 of 196[32m SUCCESS[39m (0 secs / 1.056 secs)
[1A[2KChrome 147.0.0.0 (Windows 10): Executed 26 of 196[32m SUCCESS[39m (0 secs / 1.057 secs)
[1A[2KChrome 147.0.0.0 (Windows 10): Executed 27 of 196[32m SUCCESS[39m (0 secs / 1.065 secs)
[1A[2KChrome 147.0.0.0 (Windows 10): Executed 28 of 196[32m SUCCESS[39m (0 secs / 1.065 secs)
[1A[2KChrome 147.0.0.0 (Windows 10): Executed 29 of 196[32m SUCCESS[39m (0 secs / 1.065 secs)
[1A[2KChrome 147.0.0.0 (Windows 10): Executed 30 of 196[32m SUCCESS[39m (0 secs / 1.065 secs)
[1A[2KChrome 147.0.0.0 (Windows 10): Executed 31 of 196[32m SUCCESS[39m (0 secs / 1.066 secs)
[1A[2KChrome 147.0.0.0 (Windows 10): Executed 32 of 196[32m SUCCESS[39m (0 secs / 1.072 secs)
[1A[2KChrome 147.0.0.0 (Windows 10): Executed 33 of 196[32m SUCCESS[39m (0 secs / 1.079 secs)
[1A[2KChrome 147.0.0.0 (Windows 10): Executed 34 of 196[32m SUCCESS[39m (0 secs / 1.093 secs)
[1A[2KChrome 147.0.0.0 (Windows 10): Executed 35 of 196[32m SUCCESS[39m (0 secs / 1.1 secs)
[1A[2KChrome 147.0.0.0 (Windows 10): Executed 36 of 196[32m SUCCESS[39m (0 secs / 1.114 secs)
[1A[2KChrome 147.0.0.0 (Windows 10): Executed 37 of 196[32m SUCCESS[39m (0 secs / 1.117 secs)
[1A[2KChrome 147.0.0.0 (Windows 10): Executed 38 of 196[32m SUCCESS[39m (0 secs / 1.372 secs)
[1A[2KChrome 147.0.0.0 (Windows 10): Executed 39 of 196[32m SUCCESS[39m (0 secs / 1.443 secs)
[1A[2KChrome 147.0.0.0 (Windows 10): Executed 40 of 196[32m SUCCESS[39m (0 secs / 1.508 secs)
[1A[2KChrome 147.0.0.0 (Windows 10): Executed 41 of 196[32m SUCCESS[39m (0 secs / 1.514 secs)
[1A[2KChrome 147.0.0.0 (Windows 10): Executed 42 of 196[32m SUCCESS[39m (0 secs / 1.518 secs)
[1A[2KChrome 147.0.0.0 (Windows 10): Executed 43 of 196[32m SUCCESS[39m (0 secs / 1.527 secs)
[1A[2KChrome 147.0.0.0 (Windows 10): Executed 44 of 196[32m SUCCESS[39m (0 secs / 1.531 secs)
[1A[2KChrome 147.0.0.0 (Windows 10): Executed 45 of 196[32m SUCCESS[39m (0 secs / 1.533 secs)
[1A[2KChrome 147.0.0.0 (Windows 10): Executed 46 of 196[32m SUCCESS[39m (0 secs / 1.542 secs)
[1A[2KChrome 147.0.0.0 (Windows 10): Executed 47 of 196[32m SUCCESS[39m (0 secs / 1.544 secs)
[1A[2KChrome 147.0.0.0 (Windows 10): Executed 48 of 196[32m SUCCESS[39m (0 secs / 1.547 secs)
[1A[2KChrome 147.0.0.0 (Windows 10): Executed 49 of 196[32m SUCCESS[39m (0 secs / 1.554 secs)
[1A[2KChrome 147.0.0.0 (Windows 10): Executed 50 of 196[32m SUCCESS[39m (0 secs / 1.557 secs)
[1A[2KChrome 147.0.0.0 (Windows 10): Executed 51 of 196[32m SUCCESS[39m (0 secs / 1.559 secs)
[1A[2KChrome 147.0.0.0 (Windows 10): Executed 52 of 196[32m SUCCESS[39m (0 secs / 1.858 secs)
[1A[2KChrome 147.0.0.0 (Windows 10): Executed 53 of 196[32m SUCCESS[39m (0 secs / 2.096 secs)
[1A[2KChrome 147.0.0.0 (Windows 10): Executed 54 of 196[32m SUCCESS[39m (0 secs / 2.343 secs)
[1A[2KWARN: [36m'Forgot to flush TestBed? MockRender cannot be used without a reset after TestBed.get / TestBed.inject / TestBed.createComponent and another MockRender in the same test. If you want to mock a service before rendering, consider usage of MockRenderFactory or MockInstance. To flush TestBed, add a call of ngMocks.flushTestBed() before the call of MockRender, or pass `reset: true` to MockRender options.'[39m
Chrome 147.0.0.0 (Windows 10): Executed 54 of 196[32m SUCCESS[39m (0 secs / 2.343 secs)
WARN: 'Forgot to flush TestBed? MockRender cannot be used without a reset after TestBed.get / TestBed.inject / TestBed.createComponent and another MockRender in the same test. If you want to mock a service before rendering, consider usage of MockRenderFactory or MockInstance. To flush TestBed, add a call of ngMocks.flushTestBed() before the call of MockRender, or pass `reset: true` to MockRender options.'
[1A[2KChrome 147.0.0.0 (Windows 10): Executed 55 of 196[32m SUCCESS[39m (0 secs / 2.645 secs)
[1A[2KWARN: [36m'Forgot to flush TestBed? MockRender cannot be used without a reset after TestBed.get / TestBed.inject / TestBed.createComponent and another MockRender in the same test. If you want to mock a service before rendering, consider usage of MockRenderFactory or MockInstance. To flush TestBed, add a call of ngMocks.flushTestBed() before the call of MockRender, or pass `reset: true` to MockRender options.'[39m
Chrome 147.0.0.0 (Windows 10): Executed 55 of 196[32m SUCCESS[39m (0 secs / 2.645 secs)
WARN: 'Forgot to flush TestBed? MockRender cannot be used without a reset after TestBed.get / TestBed.inject / TestBed.createComponent and another MockRender in the same test. If you want to mock a service before rendering, consider usage of MockRenderFactory or MockInstance. To flush TestBed, add a call of ngMocks.flushTestBed() before the call of MockRender, or pass `reset: true` to MockRender options.'
[1A[2KChrome 147.0.0.0 (Windows 10): Executed 56 of 196[32m SUCCESS[39m (0 secs / 2.973 secs)
[1A[2KChrome 147.0.0.0 (Windows 10): Executed 57 of 196[32m SUCCESS[39m (0 secs / 2.975 secs)
[1A[2KChrome 147.0.0.0 (Windows 10): Executed 58 of 196[32m SUCCESS[39m (0 secs / 2.976 secs)
[1A[2KChrome 147.0.0.0 (Windows 10): Executed 59 of 196[32m SUCCESS[39m (0 secs / 2.976 secs)
[1A[2KChrome 147.0.0.0 (Windows 10): Executed 60 of 196[32m SUCCESS[39m (0 secs / 2.976 secs)
[1A[2KChrome 147.0.0.0 (Windows 10): Executed 61 of 196[32m SUCCESS[39m (0 secs / 2.98 secs)
[1A[2KChrome 147.0.0.0 (Windows 10): Executed 62 of 196[32m SUCCESS[39m (0 secs / 2.981 secs)
[1A[2KChrome 147.0.0.0 (Windows 10): Executed 63 of 196[32m SUCCESS[39m (0 secs / 2.982 secs)
[1A[2KChrome 147.0.0.0 (Windows 10): Executed 64 of 196[32m SUCCESS[39m (0 secs / 2.982 secs)
[1A[2KChrome 147.0.0.0 (Windows 10): Executed 65 of 196[32m SUCCESS[39m (0 secs / 3.18 secs)
[1A[2KChrome 147.0.0.0 (Windows 10): Executed 66 of 196[32m SUCCESS[39m (0 secs / 3.287 secs)
[1A[2KChrome 147.0.0.0 (Windows 10): Executed 67 of 196[32m SUCCESS[39m (0 secs / 3.35 secs)
[1A[2KChrome 147.0.0.0 (Windows 10): Executed 68 of 196[32m SUCCESS[39m (0 secs / 3.406 secs)
[1A[2KChrome 147.0.0.0 (Windows 10): Executed 69 of 196[32m SUCCESS[39m (0 secs / 3.44 secs)
[1A[2KChrome 147.0.0.0 (Windows 10): Executed 70 of 196[32m SUCCESS[39m (0 secs / 3.481 secs)
[1A[2KChrome 147.0.0.0 (Windows 10): Executed 71 of 196[32m SUCCESS[39m (0 secs / 3.512 secs)
[1A[2KChrome 147.0.0.0 (Windows 10): Executed 72 of 196[32m SUCCESS[39m (0 secs / 3.532 secs)
[1A[2KChrome 147.0.0.0 (Windows 10): Executed 73 of 196[32m SUCCESS[39m (0 secs / 3.641 secs)
[1A[2KChrome 147.0.0.0 (Windows 10): Executed 74 of 196[32m SUCCESS[39m (0 secs / 3.642 secs)
[1A[2KChrome 147.0.0.0 (Windows 10): Executed 75 of 196[32m SUCCESS[39m (0 secs / 3.651 secs)
[1A[2KChrome 147.0.0.0 (Windows 10): Executed 76 of 196[32m SUCCESS[39m (0 secs / 3.655 secs)
[1A[2KChrome 147.0.0.0 (Windows 10): Executed 77 of 196[32m SUCCESS[39m (0 secs / 3.657 secs)
[1A[2KChrome 147.0.0.0 (Windows 10): Executed 78 of 196[32m SUCCESS[39m (0 secs / 3.658 secs)
[1A[2KChrome 147.0.0.0 (Windows 10): Executed 79 of 196[32m SUCCESS[39m (0 secs / 3.676 secs)
[1A[2KChrome 147.0.0.0 (Windows 10): Executed 80 of 196[32m SUCCESS[39m (0 secs / 3.685 secs)
[1A[2KChrome 147.0.0.0 (Windows 10): Executed 81 of 196[32m SUCCESS[39m (0 secs / 3.686 secs)
[1A[2KChrome 147.0.0.0 (Windows 10): Executed 82 of 196[32m SUCCESS[39m (0 secs / 3.687 secs)
[1A[2KChrome 147.0.0.0 (Windows 10): Executed 83 of 196[32m SUCCESS[39m (0 secs / 3.688 secs)
[1A[2KChrome 147.0.0.0 (Windows 10): Executed 84 of 196[32m SUCCESS[39m (0 secs / 3.689 secs)
[1A[2KChrome 147.0.0.0 (Windows 10): Executed 85 of 196[32m SUCCESS[39m (0 secs / 3.691 secs)
[1A[2KChrome 147.0.0.0 (Windows 10): Executed 86 of 196[32m SUCCESS[39m (0 secs / 3.697 secs)
[1A[2KChrome 147.0.0.0 (Windows 10): Executed 87 of 196[32m SUCCESS[39m (0 secs / 3.701 secs)
[1A[2KChrome 147.0.0.0 (Windows 10): Executed 88 of 196[32m SUCCESS[39m (0 secs / 3.73 secs)
[1A[2KChrome 147.0.0.0 (Windows 10): Executed 89 of 196[32m SUCCESS[39m (0 secs / 3.743 secs)
[1A[2KChrome 147.0.0.0 (Windows 10): Executed 90 of 196[32m SUCCESS[39m (0 secs / 3.755 secs)
[1A[2KChrome 147.0.0.0 (Windows 10): Executed 91 of 196[32m SUCCESS[39m (0 secs / 3.758 secs)
[1A[2KWARN: [36m'Spec 'BancoService should get sessions with all filters' has no expectations.'[39m
Chrome 147.0.0.0 (Windows 10): Executed 91 of 196[32m SUCCESS[39m (0 secs / 3.758 secs)
WARN: 'Spec 'BancoService should get sessions with all filters' has no expectations.'
[1A[2KChrome 147.0.0.0 (Windows 10): Executed 92 of 196[32m SUCCESS[39m (0 secs / 3.768 secs)
[1A[2KWARN: [36m'Spec 'BancoService should get sessions with individual filters' has no expectations.'[39m
Chrome 147.0.0.0 (Windows 10): Executed 92 of 196[32m SUCCESS[39m (0 secs / 3.768 secs)
WARN: 'Spec 'BancoService should get sessions with individual filters' has no expectations.'
[1A[2KChrome 147.0.0.0 (Windows 10): Executed 93 of 196[32m SUCCESS[39m (0 secs / 3.771 secs)
[1A[2KChrome 147.0.0.0 (Windows 10): Executed 94 of 196[32m SUCCESS[39m (0 secs / 4.13 secs)
[1A[2KChrome 147.0.0.0 (Windows 10): Executed 95 of 196[32m SUCCESS[39m (0 secs / 4.371 secs)
[1A[2KChrome 147.0.0.0 (Windows 10): Executed 96 of 196[32m SUCCESS[39m (0 secs / 4.518 secs)
[1A[2KChrome 147.0.0.0 (Windows 10): Executed 97 of 196[32m SUCCESS[39m (0 secs / 4.722 secs)
[1A[2KChrome 147.0.0.0 (Windows 10): Executed 98 of 196[32m SUCCESS[39m (0 secs / 4.843 secs)
[1A[2KChrome 147.0.0.0 (Windows 10): Executed 99 of 196[32m SUCCESS[39m (0 secs / 4.896 secs)
[1A[2KChrome 147.0.0.0 (Windows 10): Executed 100 of 196[32m SUCCESS[39m (0 secs / 5.058 secs)
[1A[2KChrome 147.0.0.0 (Windows 10): Executed 101 of 196[32m SUCCESS[39m (0 secs / 5.073 secs)
[1A[2KChrome 147.0.0.0 (Windows 10): Executed 102 of 196[32m SUCCESS[39m (0 secs / 5.076 secs)
[1A[2KChrome 147.0.0.0 (Windows 10): Executed 103 of 196[32m SUCCESS[39m (0 secs / 5.078 secs)
[1A[2KChrome 147.0.0.0 (Windows 10): Executed 104 of 196[32m SUCCESS[39m (0 secs / 5.361 secs)
[1A[2KChrome 147.0.0.0 (Windows 10): Executed 105 of 196[32m SUCCESS[39m (0 secs / 5.459 secs)
[1A[2KChrome 147.0.0.0 (Windows 10): Executed 106 of 196[32m SUCCESS[39m (0 secs / 5.561 secs)
[1A[2KChrome 147.0.0.0 (Windows 10): Executed 107 of 196[32m SUCCESS[39m (0 secs / 5.705 secs)
[1A[2KChrome 147.0.0.0 (Windows 10): Executed 108 of 196[32m SUCCESS[39m (0 secs / 5.755 secs)
[1A[2KChrome 147.0.0.0 (Windows 10): Executed 109 of 196[32m SUCCESS[39m (0 secs / 5.759 secs)
[1A[2KChrome 147.0.0.0 (Windows 10): Executed 110 of 196[32m SUCCESS[39m (0 secs / 5.766 secs)
[1A[2KChrome 147.0.0.0 (Windows 10): Executed 111 of 196[32m SUCCESS[39m (0 secs / 5.768 secs)
[1A[2KChrome 147.0.0.0 (Windows 10): Executed 112 of 196[32m SUCCESS[39m (0 secs / 5.77 secs)
[1A[2KChrome 147.0.0.0 (Windows 10): Executed 113 of 196[32m SUCCESS[39m (0 secs / 5.772 secs)
[1A[2KChrome 147.0.0.0 (Windows 10): Executed 114 of 196[32m SUCCESS[39m (0 secs / 5.773 secs)
[1A[2KChrome 147.0.0.0 (Windows 10): Executed 115 of 196[32m SUCCESS[39m (0 secs / 5.78 secs)
[1A[2KChrome 147.0.0.0 (Windows 10): Executed 116 of 196[32m SUCCESS[39m (0 secs / 5.781 secs)
[1A[2KChrome 147.0.0.0 (Windows 10): Executed 117 of 196[32m SUCCESS[39m (0 secs / 5.782 secs)
[1A[2KChrome 147.0.0.0 (Windows 10): Executed 118 of 196[32m SUCCESS[39m (0 secs / 5.784 secs)
[1A[2KChrome 147.0.0.0 (Windows 10): Executed 119 of 196[32m SUCCESS[39m (0 secs / 5.789 secs)
[1A[2KChrome 147.0.0.0 (Windows 10): Executed 120 of 196[32m SUCCESS[39m (0 secs / 5.802 secs)
[1A[2KChrome 147.0.0.0 (Windows 10): Executed 121 of 196[32m SUCCESS[39m (0 secs / 5.817 secs)
[1A[2KChrome 147.0.0.0 (Windows 10): Executed 122 of 196[32m SUCCESS[39m (0 secs / 5.819 secs)
[1A[2KChrome 147.0.0.0 (Windows 10): Executed 123 of 196[32m SUCCESS[39m (0 secs / 5.821 secs)
[1A[2KChrome 147.0.0.0 (Windows 10): Executed 124 of 196[32m SUCCESS[39m (0 secs / 5.877 secs)
[1A[2KChrome 147.0.0.0 (Windows 10): Executed 125 of 196[32m SUCCESS[39m (0 secs / 5.931 secs)
[1A[2KChrome 147.0.0.0 (Windows 10): Executed 126 of 196[32m SUCCESS[39m (0 secs / 6.022 secs)
[1A[2KChrome 147.0.0.0 (Windows 10): Executed 127 of 196[32m SUCCESS[39m (0 secs / 6.107 secs)
[1A[2KChrome 147.0.0.0 (Windows 10): Executed 128 of 196[32m SUCCESS[39m (0 secs / 6.121 secs)
[1A[2KChrome 147.0.0.0 (Windows 10): Executed 129 of 196[32m SUCCESS[39m (0 secs / 6.123 secs)
[1A[2KChrome 147.0.0.0 (Windows 10): Executed 130 of 196[32m SUCCESS[39m (0 secs / 6.133 secs)
[1A[2KChrome 147.0.0.0 (Windows 10): Executed 131 of 196[32m SUCCESS[39m (0 secs / 6.135 secs)
[1A[2KChrome 147.0.0.0 (Windows 10): Executed 132 of 196[32m SUCCESS[39m (0 secs / 6.137 secs)
[1A[2KChrome 147.0.0.0 (Windows 10): Executed 133 of 196[32m SUCCESS[39m (0 secs / 6.251 secs)
[1A[2KChrome 147.0.0.0 (Windows 10): Executed 134 of 196[32m SUCCESS[39m (0 secs / 6.29 secs)
[1A[2KChrome 147.0.0.0 (Windows 10): Executed 135 of 196[32m SUCCESS[39m (0 secs / 6.376 secs)
[1A[2KChrome 147.0.0.0 (Windows 10): Executed 136 of 196[32m SUCCESS[39m (0 secs / 6.491 secs)
[1A[2KChrome 147.0.0.0 (Windows 10): Executed 137 of 196[32m SUCCESS[39m (0 secs / 6.619 secs)
[1A[2KChrome 147.0.0.0 (Windows 10): Executed 138 of 196[32m SUCCESS[39m (0 secs / 6.619 secs)
[1A[2KChrome 147.0.0.0 (Windows 10): Executed 139 of 196[32m SUCCESS[39m (0 secs / 6.619 secs)
[1A[2KChrome 147.0.0.0 (Windows 10): Executed 140 of 196[32m SUCCESS[39m (0 secs / 6.619 secs)
[1A[2KChrome 147.0.0.0 (Windows 10): Executed 141 of 196[32m SUCCESS[39m (0 secs / 6.619 secs)
[1A[2KChrome 147.0.0.0 (Windows 10): Executed 142 of 196[32m SUCCESS[39m (0 secs / 6.62 secs)
[1A[2KChrome 147.0.0.0 (Windows 10): Executed 143 of 196[32m SUCCESS[39m (0 secs / 6.818 secs)
[1A[2KChrome 147.0.0.0 (Windows 10): Executed 144 of 196[32m SUCCESS[39m (0 secs / 6.923 secs)
[1A[2KChrome 147.0.0.0 (Windows 10): Executed 145 of 196[32m SUCCESS[39m (0 secs / 7.119 secs)
[1A[2KChrome 147.0.0.0 (Windows 10): Executed 146 of 196[32m SUCCESS[39m (0 secs / 7.353 secs)
[1A[2KChrome 147.0.0.0 (Windows 10): Executed 147 of 196[32m SUCCESS[39m (0 secs / 7.358 secs)
[1A[2KChrome 147.0.0.0 (Windows 10): Executed 148 of 196[32m SUCCESS[39m (0 secs / 7.368 secs)
[1A[2KChrome 147.0.0.0 (Windows 10): Executed 149 of 196[32m SUCCESS[39m (0 secs / 7.375 secs)
[1A[2KChrome 147.0.0.0 (Windows 10): Executed 150 of 196[32m SUCCESS[39m (0 secs / 7.378 secs)
[1A[2KChrome 147.0.0.0 (Windows 10): Executed 151 of 196[32m SUCCESS[39m (0 secs / 7.383 secs)
[1A[2KChrome 147.0.0.0 (Windows 10): Executed 152 of 196[32m SUCCESS[39m (0 secs / 7.386 secs)
[1A[2KChrome 147.0.0.0 (Windows 10): Executed 153 of 196[32m SUCCESS[39m (0 secs / 7.391 secs)
[1A[2KChrome 147.0.0.0 (Windows 10): Executed 154 of 196[32m SUCCESS[39m (0 secs / 7.419 secs)
[1A[2KChrome 147.0.0.0 (Windows 10): Executed 155 of 196[32m SUCCESS[39m (0 secs / 7.42 secs)
[1A[2KChrome 147.0.0.0 (Windows 10): Executed 156 of 196[32m SUCCESS[39m (0 secs / 7.421 secs)
[1A[2KChrome 147.0.0.0 (Windows 10): Executed 157 of 196[32m SUCCESS[39m (0 secs / 7.422 secs)
[1A[2KChrome 147.0.0.0 (Windows 10): Executed 158 of 196[32m SUCCESS[39m (0 secs / 7.422 secs)
[1A[2KChrome 147.0.0.0 (Windows 10): Executed 159 of 196[32m SUCCESS[39m (0 secs / 7.467 secs)
[1A[2KChrome 147.0.0.0 (Windows 10): Executed 160 of 196[32m SUCCESS[39m (0 secs / 7.499 secs)
[1A[2KChrome 147.0.0.0 (Windows 10): Executed 161 of 196[32m SUCCESS[39m (0 secs / 7.533 secs)
[1A[2KChrome 147.0.0.0 (Windows 10): Executed 162 of 196[32m SUCCESS[39m (0 secs / 7.534 secs)
[1A[2KChrome 147.0.0.0 (Windows 10): Executed 163 of 196[32m SUCCESS[39m (0 secs / 7.534 secs)
[1A[2KChrome 147.0.0.0 (Windows 10): Executed 164 of 196[32m SUCCESS[39m (0 secs / 7.537 secs)
[1A[2KChrome 147.0.0.0 (Windows 10): Executed 165 of 196[32m SUCCESS[39m (0 secs / 7.546 secs)
[1A[2KChrome 147.0.0.0 (Windows 10): Executed 166 of 196[32m SUCCESS[39m (0 secs / 7.548 secs)
[1A[2KChrome 147.0.0.0 (Windows 10): Executed 167 of 196[32m SUCCESS[39m (0 secs / 7.55 secs)
[1A[2KChrome 147.0.0.0 (Windows 10): Executed 168 of 196[32m SUCCESS[39m (0 secs / 7.552 secs)
[1A[2KChrome 147.0.0.0 (Windows 10): Executed 169 of 196[32m SUCCESS[39m (0 secs / 7.567 secs)
[1A[2KChrome 147.0.0.0 (Windows 10): Executed 170 of 196[32m SUCCESS[39m (0 secs / 7.576 secs)
[1A[2KChrome 147.0.0.0 (Windows 10): Executed 171 of 196[32m SUCCESS[39m (0 secs / 7.656 secs)
[1A[2KChrome 147.0.0.0 (Windows 10): Executed 172 of 196[32m SUCCESS[39m (0 secs / 7.698 secs)
[1A[2KChrome 147.0.0.0 (Windows 10): Executed 173 of 196[32m SUCCESS[39m (0 secs / 7.775 secs)
[1A[2KChrome 147.0.0.0 (Windows 10): Executed 174 of 196[32m SUCCESS[39m (0 secs / 7.778 secs)
[1A[2KChrome 147.0.0.0 (Windows 10): Executed 175 of 196[32m SUCCESS[39m (0 secs / 7.781 secs)
[1A[2KChrome 147.0.0.0 (Windows 10): Executed 176 of 196[32m SUCCESS[39m (0 secs / 7.783 secs)
[1A[2KChrome 147.0.0.0 (Windows 10): Executed 177 of 196[32m SUCCESS[39m (0 secs / 7.789 secs)
[1A[2KChrome 147.0.0.0 (Windows 10): Executed 178 of 196[32m SUCCESS[39m (0 secs / 7.791 secs)
[1A[2KChrome 147.0.0.0 (Windows 10): Executed 179 of 196[32m SUCCESS[39m (0 secs / 7.793 secs)
[1A[2KChrome 147.0.0.0 (Windows 10): Executed 180 of 196[32m SUCCESS[39m (0 secs / 7.844 secs)
[1A[2KChrome 147.0.0.0 (Windows 10): Executed 181 of 196[32m SUCCESS[39m (0 secs / 7.888 secs)
[1A[2KChrome 147.0.0.0 (Windows 10): Executed 182 of 196[32m SUCCESS[39m (0 secs / 7.963 secs)
[1A[2KChrome 147.0.0.0 (Windows 10): Executed 183 of 196[32m SUCCESS[39m (0 secs / 7.975 secs)
[1A[2KChrome 147.0.0.0 (Windows 10): Executed 184 of 196[32m SUCCESS[39m (0 secs / 8.036 secs)
[1A[2KChrome 147.0.0.0 (Windows 10): Executed 185 of 196[32m SUCCESS[39m (0 secs / 8.11 secs)
[1A[2KChrome 147.0.0.0 (Windows 10): Executed 186 of 196[32m SUCCESS[39m (0 secs / 8.174 secs)
[1A[2KChrome 147.0.0.0 (Windows 10): Executed 187 of 196[32m SUCCESS[39m (0 secs / 8.224 secs)
[1A[2KChrome 147.0.0.0 (Windows 10): Executed 188 of 196[32m SUCCESS[39m (0 secs / 8.282 secs)
[1A[2KChrome 147.0.0.0 (Windows 10): Executed 189 of 196[32m SUCCESS[39m (0 secs / 8.286 secs)
[1A[2KChrome 147.0.0.0 (Windows 10): Executed 190 of 196[32m SUCCESS[39m (0 secs / 8.288 secs)
[1A[2KChrome 147.0.0.0 (Windows 10): Executed 191 of 196[32m SUCCESS[39m (0 secs / 8.29 secs)
[1A[2KChrome 147.0.0.0 (Windows 10): Executed 192 of 196[32m SUCCESS[39m (0 secs / 8.336 secs)
[1A[2KChrome 147.0.0.0 (Windows 10): Executed 193 of 196[32m SUCCESS[39m (0 secs / 8.377 secs)
[1A[2KChrome 147.0.0.0 (Windows 10): Executed 194 of 196[32m SUCCESS[39m (0 secs / 8.431 secs)
[1A[2KChrome 147.0.0.0 (Windows 10): Executed 195 of 196[32m SUCCESS[39m (0 secs / 8.466 secs)
[1A[2KChrome 147.0.0.0 (Windows 10): Executed 196 of 196[32m SUCCESS[39m (0 secs / 8.497 secs)
[1A[2KChrome 147.0.0.0 (Windows 10): Executed 196 of 196[32m SUCCESS[39m (8.864 secs / 8.497 secs)
[32mTOTAL: 196 SUCCESS[39m
[33m10 05 2026 22:09:56.054:WARN [Chrome 147.0.0.0 (Windows 10)]: [39mDisconnected (1 times) , because no message in 30000 ms.
[1A[2K[31mChrome 147.0.0.0 (Windows 10) ERROR[39m
  Disconnected , because no message in 30000 ms.
Chrome 147.0.0.0 (Windows 10): Executed 196 of 196[32m SUCCESS[39m (8.864 secs / 8.497 secs)
Chrome 147.0.0.0 (Windows 10) ERROR
  Disconnected , because no message in 30000 ms.
[1A[2KChrome 147.0.0.0 (Windows 10): Executed 196 of 196[32m SUCCESS[39m (8.864 secs / 8.497 secs)
